Archive member included to satisfy reference by file (symbol)

d:/stm/stm32_clion/gcc-arm-none-eabi-10.3-2021.10/bin/../lib/gcc/arm-none-eabi/10.3.1/thumb/v7e-m/nofp\libgcc.a(_aeabi_uldivmod.o)
                              CMakeFiles/camera.elf.dir/Drivers/STM32F4xx_HAL_Driver/Src/stm32f4xx_hal_rcc.c.obj (__aeabi_uldivmod)
d:/stm/stm32_clion/gcc-arm-none-eabi-10.3-2021.10/bin/../lib/gcc/arm-none-eabi/10.3.1/thumb/v7e-m/nofp\libgcc.a(_udivmoddi4.o)
                              d:/stm/stm32_clion/gcc-arm-none-eabi-10.3-2021.10/bin/../lib/gcc/arm-none-eabi/10.3.1/thumb/v7e-m/nofp\libgcc.a(_aeabi_uldivmod.o) (__udivmoddi4)
d:/stm/stm32_clion/gcc-arm-none-eabi-10.3-2021.10/bin/../lib/gcc/arm-none-eabi/10.3.1/thumb/v7e-m/nofp\libgcc.a(_dvmd_tls.o)
                              d:/stm/stm32_clion/gcc-arm-none-eabi-10.3-2021.10/bin/../lib/gcc/arm-none-eabi/10.3.1/thumb/v7e-m/nofp\libgcc.a(_aeabi_uldivmod.o) (__aeabi_ldiv0)
d:/stm/stm32_clion/gcc-arm-none-eabi-10.3-2021.10/bin/../lib/gcc/arm-none-eabi/10.3.1/../../../../arm-none-eabi/lib/thumb/v7e-m/nofp\libg.a(lib_a-errno.o)
                              CMakeFiles/camera.elf.dir/Core/Src/syscalls.c.obj (__errno)
d:/stm/stm32_clion/gcc-arm-none-eabi-10.3-2021.10/bin/../lib/gcc/arm-none-eabi/10.3.1/../../../../arm-none-eabi/lib/thumb/v7e-m/nofp\libg.a(lib_a-exit.o)
                              d:/stm/stm32_clion/gcc-arm-none-eabi-10.3-2021.10/bin/../lib/gcc/arm-none-eabi/10.3.1/../../../../arm-none-eabi/lib/thumb/v7e-m/nofp/crt0.o (exit)
d:/stm/stm32_clion/gcc-arm-none-eabi-10.3-2021.10/bin/../lib/gcc/arm-none-eabi/10.3.1/../../../../arm-none-eabi/lib/thumb/v7e-m/nofp\libg.a(lib_a-impure.o)
                              d:/stm/stm32_clion/gcc-arm-none-eabi-10.3-2021.10/bin/../lib/gcc/arm-none-eabi/10.3.1/../../../../arm-none-eabi/lib/thumb/v7e-m/nofp\libg.a(lib_a-exit.o) (_global_impure_ptr)
d:/stm/stm32_clion/gcc-arm-none-eabi-10.3-2021.10/bin/../lib/gcc/arm-none-eabi/10.3.1/../../../../arm-none-eabi/lib/thumb/v7e-m/nofp\libg.a(lib_a-init.o)
                              d:/stm/stm32_clion/gcc-arm-none-eabi-10.3-2021.10/bin/../lib/gcc/arm-none-eabi/10.3.1/../../../../arm-none-eabi/lib/thumb/v7e-m/nofp/crt0.o (__libc_init_array)
d:/stm/stm32_clion/gcc-arm-none-eabi-10.3-2021.10/bin/../lib/gcc/arm-none-eabi/10.3.1/../../../../arm-none-eabi/lib/thumb/v7e-m/nofp\libg.a(lib_a-memset.o)
                              d:/stm/stm32_clion/gcc-arm-none-eabi-10.3-2021.10/bin/../lib/gcc/arm-none-eabi/10.3.1/../../../../arm-none-eabi/lib/thumb/v7e-m/nofp/crt0.o (memset)
d:/stm/stm32_clion/gcc-arm-none-eabi-10.3-2021.10/bin/../lib/gcc/arm-none-eabi/10.3.1/../../../../arm-none-eabi/lib/thumb/v7e-m/nofp\libg.a(lib_a-__call_atexit.o)
                              d:/stm/stm32_clion/gcc-arm-none-eabi-10.3-2021.10/bin/../lib/gcc/arm-none-eabi/10.3.1/../../../../arm-none-eabi/lib/thumb/v7e-m/nofp\libg.a(lib_a-exit.o) (__call_exitprocs)
d:/stm/stm32_clion/gcc-arm-none-eabi-10.3-2021.10/bin/../lib/gcc/arm-none-eabi/10.3.1/../../../../arm-none-eabi/lib/thumb/v7e-m/nofp\libg.a(lib_a-atexit.o)
                              d:/stm/stm32_clion/gcc-arm-none-eabi-10.3-2021.10/bin/../lib/gcc/arm-none-eabi/10.3.1/../../../../arm-none-eabi/lib/thumb/v7e-m/nofp\libg.a(lib_a-__call_atexit.o) (atexit)
d:/stm/stm32_clion/gcc-arm-none-eabi-10.3-2021.10/bin/../lib/gcc/arm-none-eabi/10.3.1/../../../../arm-none-eabi/lib/thumb/v7e-m/nofp\libg.a(lib_a-fini.o)
                              d:/stm/stm32_clion/gcc-arm-none-eabi-10.3-2021.10/bin/../lib/gcc/arm-none-eabi/10.3.1/../../../../arm-none-eabi/lib/thumb/v7e-m/nofp\libg.a(lib_a-__call_atexit.o) (__libc_fini_array)
d:/stm/stm32_clion/gcc-arm-none-eabi-10.3-2021.10/bin/../lib/gcc/arm-none-eabi/10.3.1/../../../../arm-none-eabi/lib/thumb/v7e-m/nofp\libg.a(lib_a-lock.o)
                              d:/stm/stm32_clion/gcc-arm-none-eabi-10.3-2021.10/bin/../lib/gcc/arm-none-eabi/10.3.1/../../../../arm-none-eabi/lib/thumb/v7e-m/nofp\libg.a(lib_a-__call_atexit.o) (__retarget_lock_acquire_recursive)
d:/stm/stm32_clion/gcc-arm-none-eabi-10.3-2021.10/bin/../lib/gcc/arm-none-eabi/10.3.1/../../../../arm-none-eabi/lib/thumb/v7e-m/nofp\libg.a(lib_a-__atexit.o)
                              d:/stm/stm32_clion/gcc-arm-none-eabi-10.3-2021.10/bin/../lib/gcc/arm-none-eabi/10.3.1/../../../../arm-none-eabi/lib/thumb/v7e-m/nofp\libg.a(lib_a-atexit.o) (__register_exitproc)

Discarded input sections

 .text          0x00000000        0x0 d:/stm/stm32_clion/gcc-arm-none-eabi-10.3-2021.10/bin/../lib/gcc/arm-none-eabi/10.3.1/thumb/v7e-m/nofp/crti.o
 .data          0x00000000        0x0 d:/stm/stm32_clion/gcc-arm-none-eabi-10.3-2021.10/bin/../lib/gcc/arm-none-eabi/10.3.1/thumb/v7e-m/nofp/crti.o
 .bss           0x00000000        0x0 d:/stm/stm32_clion/gcc-arm-none-eabi-10.3-2021.10/bin/../lib/gcc/arm-none-eabi/10.3.1/thumb/v7e-m/nofp/crti.o
[...]
Memory Configuration

Name             Origin             Length             Attributes
CCMRAM           0x10000000         0x00010000         xrw
RAM              0x20000000         0x00020000         xrw
FLASH            0x08000000         0x00080000         xr
*default*        0x00000000         0xffffffff

Linker script and memory map

LOAD d:/stm/stm32_clion/gcc-arm-none-eabi-10.3-2021.10/bin/../lib/gcc/arm-none-eabi/10.3.1/thumb/v7e-m/nofp/crti.o
LOAD d:/stm/stm32_clion/gcc-arm-none-eabi-10.3-2021.10/bin/../lib/gcc/arm-none-eabi/10.3.1/thumb/v7e-m/nofp/crtbegin.o
LOAD d:/stm/stm32_clion/gcc-arm-none-eabi-10.3-2021.10/bin/../lib/gcc/arm-none-eabi/10.3.1/../../../../arm-none-eabi/lib/thumb/v7e-m/nofp/crt0.o
LOAD CMakeFiles/camera.elf.dir/Core/Src/dma.c.obj
LOAD CMakeFiles/camera.elf.dir/Core/Src/gpio.c.obj
LOAD CMakeFiles/camera.elf.dir/Core/Src/main.c.obj
LOAD CMakeFiles/camera.elf.dir/Core/Src/stm32f4xx_hal_msp.c.obj
LOAD CMakeFiles/camera.elf.dir/Core/Src/stm32f4xx_it.c.obj
LOAD CMakeFiles/camera.elf.dir/Core/Src/syscalls.c.obj
LOAD CMakeFiles/camera.elf.dir/Core/Src/sysmem.c.obj
LOAD CMakeFiles/camera.elf.dir/Core/Src/system_stm32f4xx.c.obj
LOAD CMakeFiles/camera.elf.dir/Core/Src/tim.c.obj
LOAD CMakeFiles/camera.elf.dir/Core/Src/usart.c.obj
LOAD CMakeFiles/camera.elf.dir/Core/Startup/startup_stm32f407vetx.s.obj
LOAD CMakeFiles/camera.elf.dir/Core/modules/SEEKFREE_7725.c.obj
LOAD CMakeFiles/camera.elf.dir/Core/modules/SEEKFREE_IIC.c.obj
LOAD CMakeFiles/camera.elf.dir/Drivers/STM32F4xx_HAL_Driver/Src/stm32f4xx_hal.c.obj
LOAD CMakeFiles/camera.elf.dir/Drivers/STM32F4xx_HAL_Driver/Src/stm32f4xx_hal_cortex.c.obj
LOAD CMakeFiles/camera.elf.dir/Drivers/STM32F4xx_HAL_Driver/Src/stm32f4xx_hal_dma.c.obj
LOAD CMakeFiles/camera.elf.dir/Drivers/STM32F4xx_HAL_Driver/Src/stm32f4xx_hal_dma_ex.c.obj
LOAD CMakeFiles/camera.elf.dir/Drivers/STM32F4xx_HAL_Driver/Src/stm32f4xx_hal_exti.c.obj
LOAD CMakeFiles/camera.elf.dir/Drivers/STM32F4xx_HAL_Driver/Src/stm32f4xx_hal_flash.c.obj
LOAD CMakeFiles/camera.elf.dir/Drivers/STM32F4xx_HAL_Driver/Src/stm32f4xx_hal_flash_ex.c.obj
LOAD CMakeFiles/camera.elf.dir/Drivers/STM32F4xx_HAL_Driver/Src/stm32f4xx_hal_flash_ramfunc.c.obj
LOAD CMakeFiles/camera.elf.dir/Drivers/STM32F4xx_HAL_Driver/Src/stm32f4xx_hal_gpio.c.obj
LOAD CMakeFiles/camera.elf.dir/Drivers/STM32F4xx_HAL_Driver/Src/stm32f4xx_hal_pwr.c.obj
LOAD CMakeFiles/camera.elf.dir/Drivers/STM32F4xx_HAL_Driver/Src/stm32f4xx_hal_pwr_ex.c.obj
LOAD CMakeFiles/camera.elf.dir/Drivers/STM32F4xx_HAL_Driver/Src/stm32f4xx_hal_rcc.c.obj
LOAD CMakeFiles/camera.elf.dir/Drivers/STM32F4xx_HAL_Driver/Src/stm32f4xx_hal_rcc_ex.c.obj
LOAD CMakeFiles/camera.elf.dir/Drivers/STM32F4xx_HAL_Driver/Src/stm32f4xx_hal_tim.c.obj
LOAD CMakeFiles/camera.elf.dir/Drivers/STM32F4xx_HAL_Driver/Src/stm32f4xx_hal_tim_ex.c.obj
LOAD CMakeFiles/camera.elf.dir/Drivers/STM32F4xx_HAL_Driver/Src/stm32f4xx_hal_uart.c.obj
START GROUP
LOAD d:/stm/stm32_clion/gcc-arm-none-eabi-10.3-2021.10/bin/../lib/gcc/arm-none-eabi/10.3.1/thumb/v7e-m/nofp\libgcc.a
LOAD d:/stm/stm32_clion/gcc-arm-none-eabi-10.3-2021.10/bin/../lib/gcc/arm-none-eabi/10.3.1/../../../../arm-none-eabi/lib/thumb/v7e-m/nofp\libg.a
LOAD d:/stm/stm32_clion/gcc-arm-none-eabi-10.3-2021.10/bin/../lib/gcc/arm-none-eabi/10.3.1/../../../../arm-none-eabi/lib/thumb/v7e-m/nofp\libc.a
END GROUP
LOAD d:/stm/stm32_clion/gcc-arm-none-eabi-10.3-2021.10/bin/../lib/gcc/arm-none-eabi/10.3.1/thumb/v7e-m/nofp/crtend.o
LOAD d:/stm/stm32_clion/gcc-arm-none-eabi-10.3-2021.10/bin/../lib/gcc/arm-none-eabi/10.3.1/thumb/v7e-m/nofp/crtn.o
                0x20020000                _estack = (ORIGIN (RAM) + LENGTH (RAM))
                0x00000200                _Min_Heap_Size = 0x200
                0x00000400                _Min_Stack_Size = 0x400

.isr_vector     0x08000000      0x188
                0x08000000                . = ALIGN (0x4)
 *(.isr_vector)
 .isr_vector    0x08000000      0x188 CMakeFiles/camera.elf.dir/Core/Startup/startup_stm32f407vetx.s.obj
                0x08000000                g_pfnVectors
                0x08000188                . = ALIGN (0x4)

.text           0x08000188     0x1c50
                0x08000188                . = ALIGN (0x4)
 *(.text)
 .text          0x08000188       0x40 d:/stm/stm32_clion/gcc-arm-none-eabi-10.3-2021.10/bin/../lib/gcc/arm-none-eabi/10.3.1/thumb/v7e-m/nofp/crtbegin.o
 .text          0x080001c8       0x30 d:/stm/stm32_clion/gcc-arm-none-eabi-10.3-2021.10/bin/../lib/gcc/arm-none-eabi/10.3.1/thumb/v7e-m/nofp\libgcc.a(_aeabi_uldivmod.o)
                0x080001c8                __aeabi_uldivmod
 .text          0x080001f8      0x2d0 d:/stm/stm32_clion/gcc-arm-none-eabi-10.3-2021.10/bin/../lib/gcc/arm-none-eabi/10.3.1/thumb/v7e-m/nofp\libgcc.a(_udivmoddi4.o)
                0x080001f8                __udivmoddi4
 .text          0x080004c8        0x4 d:/stm/stm32_clion/gcc-arm-none-eabi-10.3-2021.10/bin/../lib/gcc/arm-none-eabi/10.3.1/thumb/v7e-m/nofp\libgcc.a(_dvmd_tls.o)
                0x080004c8                __aeabi_idiv0
                0x080004c8                __aeabi_ldiv0
 *(.text*)
 .text.MX_DMA_Init
                0x080004cc       0x34 CMakeFiles/camera.elf.dir/Core/Src/dma.c.obj
                0x080004cc                MX_DMA_Init
 .text.MX_GPIO_Init
                0x08000500       0xe4 CMakeFiles/camera.elf.dir/Core/Src/gpio.c.obj
                0x08000500                MX_GPIO_Init
 .text.Error_Handler
                0x080005e4        0x4 CMakeFiles/camera.elf.dir/Core/Src/main.c.obj
                0x080005e4                Error_Handler
 .text.SystemClock_Config
                0x080005e8       0xa4 CMakeFiles/camera.elf.dir/Core/Src/main.c.obj
                0x080005e8                SystemClock_Config
 .text.main     0x0800068c       0x1c CMakeFiles/camera.elf.dir/Core/Src/main.c.obj
                0x0800068c                main
 .text.HAL_MspInit
                0x080006a8       0x38 CMakeFiles/camera.elf.dir/Core/Src/stm32f4xx_hal_msp.c.obj
                0x080006a8                HAL_MspInit
 .text.NMI_Handler
                0x080006e0        0x2 CMakeFiles/camera.elf.dir/Core/Src/stm32f4xx_it.c.obj
                0x080006e0                NMI_Handler
 .text.HardFault_Handler
                0x080006e2        0x2 CMakeFiles/camera.elf.dir/Core/Src/stm32f4xx_it.c.obj
                0x080006e2                HardFault_Handler
 .text.MemManage_Handler
                0x080006e4        0x2 CMakeFiles/camera.elf.dir/Core/Src/stm32f4xx_it.c.obj
                0x080006e4                MemManage_Handler
 .text.BusFault_Handler
                0x080006e6        0x2 CMakeFiles/camera.elf.dir/Core/Src/stm32f4xx_it.c.obj
                0x080006e6                BusFault_Handler
 .text.UsageFault_Handler
                0x080006e8        0x2 CMakeFiles/camera.elf.dir/Core/Src/stm32f4xx_it.c.obj
                0x080006e8                UsageFault_Handler
 .text.SVC_Handler
                0x080006ea        0x2 CMakeFiles/camera.elf.dir/Core/Src/stm32f4xx_it.c.obj
                0x080006ea                SVC_Handler
 .text.DebugMon_Handler
                0x080006ec        0x2 CMakeFiles/camera.elf.dir/Core/Src/stm32f4xx_it.c.obj
                0x080006ec                DebugMon_Handler
 .text.PendSV_Handler
                0x080006ee        0x2 CMakeFiles/camera.elf.dir/Core/Src/stm32f4xx_it.c.obj
                0x080006ee                PendSV_Handler
 .text.SysTick_Handler
                0x080006f0        0x8 CMakeFiles/camera.elf.dir/Core/Src/stm32f4xx_it.c.obj
                0x080006f0                SysTick_Handler
 .text.EXTI4_IRQHandler
                0x080006f8        0xa CMakeFiles/camera.elf.dir/Core/Src/stm32f4xx_it.c.obj
                0x080006f8                EXTI4_IRQHandler
 *fill*         0x08000702        0x2 
 .text.DMA2_Stream7_IRQHandler
                0x08000704       0x10 CMakeFiles/camera.elf.dir/Core/Src/stm32f4xx_it.c.obj
                0x08000704                DMA2_Stream7_IRQHandler
 .text.SystemInit
                0x08000714        0x2 CMakeFiles/camera.elf.dir/Core/Src/system_stm32f4xx.c.obj
                0x08000714                SystemInit
 *fill*         0x08000716        0x2 
 .text.MX_TIM8_Init
                0x08000718       0x80 CMakeFiles/camera.elf.dir/Core/Src/tim.c.obj
                0x08000718                MX_TIM8_Init
 .text.HAL_TIM_Base_MspInit
                0x08000798       0xb4 CMakeFiles/camera.elf.dir/Core/Src/tim.c.obj
                0x08000798                HAL_TIM_Base_MspInit
 .text.MX_USART1_UART_Init
                0x0800084c       0x34 CMakeFiles/camera.elf.dir/Core/Src/usart.c.obj
                0x0800084c                MX_USART1_UART_Init
 .text.HAL_UART_MspInit
                0x08000880       0x74 CMakeFiles/camera.elf.dir/Core/Src/usart.c.obj
                0x08000880                HAL_UART_MspInit
 .text.Reset_Handler
                0x080008f4       0x50 CMakeFiles/camera.elf.dir/Core/Startup/startup_stm32f407vetx.s.obj
                0x080008f4                Reset_Handler
 .text.Default_Handler
                0x08000944        0x2 CMakeFiles/camera.elf.dir/Core/Startup/startup_stm32f407vetx.s.obj
                0x08000944                RTC_Alarm_IRQHandler
                0x08000944                HASH_RNG_IRQHandler
                0x08000944                EXTI2_IRQHandler
                0x08000944                TIM8_CC_IRQHandler
                0x08000944                TIM1_CC_IRQHandler
                0x08000944                DMA2_Stream5_IRQHandler
                0x08000944                DMA1_Stream5_IRQHandler
                0x08000944                PVD_IRQHandler
                0x08000944                SDIO_IRQHandler
                0x08000944                TAMP_STAMP_IRQHandler
                0x08000944                CAN2_RX1_IRQHandler
                0x08000944                EXTI3_IRQHandler
                0x08000944                TIM8_TRG_COM_TIM14_IRQHandler
                0x08000944                TIM1_UP_TIM10_IRQHandler
                0x08000944                TIM8_UP_TIM13_IRQHandler
                0x08000944                I2C3_ER_IRQHandler
                0x08000944                EXTI0_IRQHandler
                0x08000944                I2C2_EV_IRQHandler
                0x08000944                DMA1_Stream2_IRQHandler
                0x08000944                CAN1_RX0_IRQHandler
                0x08000944                FPU_IRQHandler
                0x08000944                OTG_HS_WKUP_IRQHandler
                0x08000944                CAN2_SCE_IRQHandler
                0x08000944                DMA2_Stream2_IRQHandler
                0x08000944                SPI1_IRQHandler
                0x08000944                TIM6_DAC_IRQHandler
                0x08000944                TIM1_BRK_TIM9_IRQHandler
                0x08000944                DCMI_IRQHandler
                0x08000944                CAN2_RX0_IRQHandler
                0x08000944                DMA2_Stream3_IRQHandler
                0x08000944                USART6_IRQHandler
                0x08000944                USART3_IRQHandler
                0x08000944                CAN1_RX1_IRQHandler
                0x08000944                UART5_IRQHandler
                0x08000944                DMA2_Stream0_IRQHandler
                0x08000944                TIM4_IRQHandler
                0x08000944                I2C1_EV_IRQHandler
                0x08000944                DMA1_Stream6_IRQHandler
                0x08000944                DMA1_Stream1_IRQHandler
                0x08000944                UART4_IRQHandler
                0x08000944                TIM3_IRQHandler
                0x08000944                RCC_IRQHandler
                0x08000944                TIM8_BRK_TIM12_IRQHandler
                0x08000944                Default_Handler
                0x08000944                EXTI15_10_IRQHandler
                0x08000944                ADC_IRQHandler
                0x08000944                DMA1_Stream7_IRQHandler
                0x08000944                TIM7_IRQHandler
                0x08000944                CAN2_TX_IRQHandler
                0x08000944                TIM5_IRQHandler
                0x08000944                I2C3_EV_IRQHandler
                0x08000944                EXTI9_5_IRQHandler
                0x08000944                RTC_WKUP_IRQHandler
                0x08000944                ETH_WKUP_IRQHandler
                0x08000944                SPI2_IRQHandler
                0x08000944                OTG_HS_EP1_IN_IRQHandler
                0x08000944                DMA1_Stream0_IRQHandler
                0x08000944                CAN1_TX_IRQHandler
                0x08000944                FSMC_IRQHandler
                0x08000944                ETH_IRQHandler
                0x08000944                OTG_HS_EP1_OUT_IRQHandler
                0x08000944                WWDG_IRQHandler
                0x08000944                TIM2_IRQHandler
                0x08000944                OTG_FS_WKUP_IRQHandler
                0x08000944                TIM1_TRG_COM_TIM11_IRQHandler
                0x08000944                OTG_HS_IRQHandler
                0x08000944                EXTI1_IRQHandler
                0x08000944                USART2_IRQHandler
                0x08000944                I2C2_ER_IRQHandler
                0x08000944                DMA2_Stream1_IRQHandler
                0x08000944                CAN1_SCE_IRQHandler
                0x08000944                FLASH_IRQHandler
                0x08000944                DMA2_Stream4_IRQHandler
                0x08000944                USART1_IRQHandler
                0x08000944                OTG_FS_IRQHandler
                0x08000944                SPI3_IRQHandler
                0x08000944                DMA1_Stream4_IRQHandler
                0x08000944                I2C1_ER_IRQHandler
                0x08000944                DMA2_Stream6_IRQHandler
                0x08000944                DMA1_Stream3_IRQHandler
 *fill*         0x08000946        0x2 
 .text.HAL_GPIO_EXTI_Callback
                0x08000948       0x30 CMakeFiles/camera.elf.dir/Core/modules/SEEKFREE_7725.c.obj
                0x08000948                HAL_GPIO_EXTI_Callback
 .text.HAL_InitTick
                0x08000978       0x4c CMakeFiles/camera.elf.dir/Drivers/STM32F4xx_HAL_Driver/Src/stm32f4xx_hal.c.obj
                0x08000978                HAL_InitTick
 .text.HAL_Init
                0x080009c4       0x34 CMakeFiles/camera.elf.dir/Drivers/STM32F4xx_HAL_Driver/Src/stm32f4xx_hal.c.obj
                0x080009c4                HAL_Init
 .text.HAL_IncTick
                0x080009f8       0x18 CMakeFiles/camera.elf.dir/Drivers/STM32F4xx_HAL_Driver/Src/stm32f4xx_hal.c.obj
                0x080009f8                HAL_IncTick
 .text.HAL_GetTick
                0x08000a10        0xc CMakeFiles/camera.elf.dir/Drivers/STM32F4xx_HAL_Driver/Src/stm32f4xx_hal.c.obj
                0x08000a10                HAL_GetTick
 .text.HAL_NVIC_SetPriorityGrouping
                0x08000a1c       0x24 CMakeFiles/camera.elf.dir/Drivers/STM32F4xx_HAL_Driver/Src/stm32f4xx_hal_cortex.c.obj
                0x08000a1c                HAL_NVIC_SetPriorityGrouping
 .text.HAL_NVIC_SetPriority
                0x08000a40       0x70 CMakeFiles/camera.elf.dir/Drivers/STM32F4xx_HAL_Driver/Src/stm32f4xx_hal_cortex.c.obj
                0x08000a40                HAL_NVIC_SetPriority
 .text.HAL_NVIC_EnableIRQ
                0x08000ab0       0x1c CMakeFiles/camera.elf.dir/Drivers/STM32F4xx_HAL_Driver/Src/stm32f4xx_hal_cortex.c.obj
                0x08000ab0                HAL_NVIC_EnableIRQ
 .text.HAL_SYSTICK_Config
                0x08000acc       0x28 CMakeFiles/camera.elf.dir/Drivers/STM32F4xx_HAL_Driver/Src/stm32f4xx_hal_cortex.c.obj
                0x08000acc                HAL_SYSTICK_Config
 .text.DMA_SetConfig
                0x08000af4       0x2c CMakeFiles/camera.elf.dir/Drivers/STM32F4xx_HAL_Driver/Src/stm32f4xx_hal_dma.c.obj
 .text.DMA_CalcBaseAndBitshift
                0x08000b20       0x40 CMakeFiles/camera.elf.dir/Drivers/STM32F4xx_HAL_Driver/Src/stm32f4xx_hal_dma.c.obj
 .text.DMA_CheckFifoParam
                0x08000b60       0x8e CMakeFiles/camera.elf.dir/Drivers/STM32F4xx_HAL_Driver/Src/stm32f4xx_hal_dma.c.obj
 *fill*         0x08000bee        0x2 
 .text.HAL_DMA_Init
                0x08000bf0       0xcc CMakeFiles/camera.elf.dir/Drivers/STM32F4xx_HAL_Driver/Src/stm32f4xx_hal_dma.c.obj
                0x08000bf0                HAL_DMA_Init
 .text.HAL_DMA_Start_IT
                0x08000cbc       0x6a CMakeFiles/camera.elf.dir/Drivers/STM32F4xx_HAL_Driver/Src/stm32f4xx_hal_dma.c.obj
                0x08000cbc                HAL_DMA_Start_IT
 *fill*         0x08000d26        0x2 
 .text.HAL_DMA_IRQHandler
                0x08000d28      0x1dc CMakeFiles/camera.elf.dir/Drivers/STM32F4xx_HAL_Driver/Src/stm32f4xx_hal_dma.c.obj
                0x08000d28                HAL_DMA_IRQHandler
 .text.HAL_GPIO_Init
                0x08000f04      0x1e4 CMakeFiles/camera.elf.dir/Drivers/STM32F4xx_HAL_Driver/Src/stm32f4xx_hal_gpio.c.obj
                0x08000f04                HAL_GPIO_Init
 .text.HAL_GPIO_WritePin
                0x080010e8        0xc CMakeFiles/camera.elf.dir/Drivers/STM32F4xx_HAL_Driver/Src/stm32f4xx_hal_gpio.c.obj
                0x080010e8                HAL_GPIO_WritePin
 .text.HAL_GPIO_EXTI_IRQHandler
                0x080010f4       0x1c CMakeFiles/camera.elf.dir/Drivers/STM32F4xx_HAL_Driver/Src/stm32f4xx_hal_gpio.c.obj
                0x080010f4                HAL_GPIO_EXTI_IRQHandler
 .text.HAL_RCC_OscConfig
                0x08001110      0x3f8 CMakeFiles/camera.elf.dir/Drivers/STM32F4xx_HAL_Driver/Src/stm32f4xx_hal_rcc.c.obj
                0x08001110                HAL_RCC_OscConfig
 .text.HAL_RCC_GetSysClockFreq
                0x08001508       0xa4 CMakeFiles/camera.elf.dir/Drivers/STM32F4xx_HAL_Driver/Src/stm32f4xx_hal_rcc.c.obj
                0x08001508                HAL_RCC_GetSysClockFreq
 .text.HAL_RCC_ClockConfig
                0x080015ac      0x160 CMakeFiles/camera.elf.dir/Drivers/STM32F4xx_HAL_Driver/Src/stm32f4xx_hal_rcc.c.obj
                0x080015ac                HAL_RCC_ClockConfig
 .text.HAL_RCC_GetHCLKFreq
                0x0800170c        0xc CMakeFiles/camera.elf.dir/Drivers/STM32F4xx_HAL_Driver/Src/stm32f4xx_hal_rcc.c.obj
                0x0800170c                HAL_RCC_GetHCLKFreq
 .text.HAL_RCC_GetPCLK1Freq
                0x08001718       0x20 CMakeFiles/camera.elf.dir/Drivers/STM32F4xx_HAL_Driver/Src/stm32f4xx_hal_rcc.c.obj
                0x08001718                HAL_RCC_GetPCLK1Freq
 .text.HAL_RCC_GetPCLK2Freq
                0x08001738       0x20 CMakeFiles/camera.elf.dir/Drivers/STM32F4xx_HAL_Driver/Src/stm32f4xx_hal_rcc.c.obj
                0x08001738                HAL_RCC_GetPCLK2Freq
 .text.TIM_TI1_ConfigInputStage
                0x08001758       0x24 CMakeFiles/camera.elf.dir/Drivers/STM32F4xx_HAL_Driver/Src/stm32f4xx_hal_tim.c.obj
 .text.TIM_TI2_ConfigInputStage
                0x0800177c       0x26 CMakeFiles/camera.elf.dir/Drivers/STM32F4xx_HAL_Driver/Src/stm32f4xx_hal_tim.c.obj
 *fill*         0x080017a2        0x2 
 .text.TIM_Base_SetConfig
                0x080017a4       0xd8 CMakeFiles/camera.elf.dir/Drivers/STM32F4xx_HAL_Driver/Src/stm32f4xx_hal_tim.c.obj
                0x080017a4                TIM_Base_SetConfig
 .text.HAL_TIM_Base_Init
                0x0800187c       0x58 CMakeFiles/camera.elf.dir/Drivers/STM32F4xx_HAL_Driver/Src/stm32f4xx_hal_tim.c.obj
                0x0800187c                HAL_TIM_Base_Init
 .text.TIM_ETR_SetConfig
                0x080018d4       0x18 CMakeFiles/camera.elf.dir/Drivers/STM32F4xx_HAL_Driver/Src/stm32f4xx_hal_tim.c.obj
                0x080018d4                TIM_ETR_SetConfig
 .text.TIM_SlaveTimer_SetConfig
                0x080018ec       0xb8 CMakeFiles/camera.elf.dir/Drivers/STM32F4xx_HAL_Driver/Src/stm32f4xx_hal_tim.c.obj
 .text.HAL_TIM_SlaveConfigSynchro
                0x080019a4       0x52 CMakeFiles/camera.elf.dir/Drivers/STM32F4xx_HAL_Driver/Src/stm32f4xx_hal_tim.c.obj
                0x080019a4                HAL_TIM_SlaveConfigSynchro
 *fill*         0x080019f6        0x2 
 .text.HAL_TIMEx_MasterConfigSynchronization
                0x080019f8       0x8c CMakeFiles/camera.elf.dir/Drivers/STM32F4xx_HAL_Driver/Src/stm32f4xx_hal_tim_ex.c.obj
                0x080019f8                HAL_TIMEx_MasterConfigSynchronization
 .text.UART_SetConfig
                0x08001a84      0x110 CMakeFiles/camera.elf.dir/Drivers/STM32F4xx_HAL_Driver/Src/stm32f4xx_hal_uart.c.obj
 .text.HAL_UART_Init
                0x08001b94       0x60 CMakeFiles/camera.elf.dir/Drivers/STM32F4xx_HAL_Driver/Src/stm32f4xx_hal_uart.c.obj
                0x08001b94                HAL_UART_Init
 .text.__libc_init_array
                0x08001bf4       0x48 d:/stm/stm32_clion/gcc-arm-none-eabi-10.3-2021.10/bin/../lib/gcc/arm-none-eabi/10.3.1/../../../../arm-none-eabi/lib/thumb/v7e-m/nofp\libg.a(lib_a-init.o)
                0x08001bf4                __libc_init_array
 .text.memset   0x08001c3c       0xa4 d:/stm/stm32_clion/gcc-arm-none-eabi-10.3-2021.10/bin/../lib/gcc/arm-none-eabi/10.3.1/../../../../arm-none-eabi/lib/thumb/v7e-m/nofp\libg.a(lib_a-memset.o)
                0x08001c3c                memset
 .text.startup.register_fini
                0x08001ce0       0x14 d:/stm/stm32_clion/gcc-arm-none-eabi-10.3-2021.10/bin/../lib/gcc/arm-none-eabi/10.3.1/../../../../arm-none-eabi/lib/thumb/v7e-m/nofp\libg.a(lib_a-__call_atexit.o)
 .text.atexit   0x08001cf4        0xc d:/stm/stm32_clion/gcc-arm-none-eabi-10.3-2021.10/bin/../lib/gcc/arm-none-eabi/10.3.1/../../../../arm-none-eabi/lib/thumb/v7e-m/nofp\libg.a(lib_a-atexit.o)
                0x08001cf4                atexit
 .text.__libc_fini_array
                0x08001d00       0x2c d:/stm/stm32_clion/gcc-arm-none-eabi-10.3-2021.10/bin/../lib/gcc/arm-none-eabi/10.3.1/../../../../arm-none-eabi/lib/thumb/v7e-m/nofp\libg.a(lib_a-fini.o)
                0x08001d00                __libc_fini_array
 .text.__retarget_lock_acquire_recursive
                0x08001d2c        0x4 d:/stm/stm32_clion/gcc-arm-none-eabi-10.3-2021.10/bin/../lib/gcc/arm-none-eabi/10.3.1/../../../../arm-none-eabi/lib/thumb/v7e-m/nofp\libg.a(lib_a-lock.o)
                0x08001d2c                __retarget_lock_acquire_recursive
 .text.__retarget_lock_release_recursive
                0x08001d30        0x4 d:/stm/stm32_clion/gcc-arm-none-eabi-10.3-2021.10/bin/../lib/gcc/arm-none-eabi/10.3.1/../../../../arm-none-eabi/lib/thumb/v7e-m/nofp\libg.a(lib_a-lock.o)
                0x08001d30                __retarget_lock_release_recursive
 .text.__register_exitproc
                0x08001d34       0x8c d:/stm/stm32_clion/gcc-arm-none-eabi-10.3-2021.10/bin/../lib/gcc/arm-none-eabi/10.3.1/../../../../arm-none-eabi/lib/thumb/v7e-m/nofp\libg.a(lib_a-__atexit.o)
                0x08001d34                __register_exitproc
 *(.glue_7)
 .glue_7        0x08001dc0        0x0 linker stubs
 *(.glue_7t)
 .glue_7t       0x08001dc0        0x0 linker stubs
 *(.eh_frame)
 .eh_frame      0x08001dc0        0x0 d:/stm/stm32_clion/gcc-arm-none-eabi-10.3-2021.10/bin/../lib/gcc/arm-none-eabi/10.3.1/thumb/v7e-m/nofp/crtbegin.o
 *(.init)
 .init          0x08001dc0        0x4 d:/stm/stm32_clion/gcc-arm-none-eabi-10.3-2021.10/bin/../lib/gcc/arm-none-eabi/10.3.1/thumb/v7e-m/nofp/crti.o
                0x08001dc0                _init
 .init          0x08001dc4        0x8 d:/stm/stm32_clion/gcc-arm-none-eabi-10.3-2021.10/bin/../lib/gcc/arm-none-eabi/10.3.1/thumb/v7e-m/nofp/crtn.o
 *(.fini)
 .fini          0x08001dcc        0x4 d:/stm/stm32_clion/gcc-arm-none-eabi-10.3-2021.10/bin/../lib/gcc/arm-none-eabi/10.3.1/thumb/v7e-m/nofp/crti.o
                0x08001dcc                _fini
 .fini          0x08001dd0        0x8 d:/stm/stm32_clion/gcc-arm-none-eabi-10.3-2021.10/bin/../lib/gcc/arm-none-eabi/10.3.1/thumb/v7e-m/nofp/crtn.o
                0x08001dd8                . = ALIGN (0x4)
                0x08001dd8                _etext = .

.vfp11_veneer   0x08001dd8        0x0
 .vfp11_veneer  0x08001dd8        0x0 linker stubs

.v4_bx          0x08001dd8        0x0
 .v4_bx         0x08001dd8        0x0 linker stubs

.iplt           0x08001dd8        0x0
 .iplt          0x08001dd8        0x0 d:/stm/stm32_clion/gcc-arm-none-eabi-10.3-2021.10/bin/../lib/gcc/arm-none-eabi/10.3.1/thumb/v7e-m/nofp/crtbegin.o

.rodata         0x08001dd8       0x24
                0x08001dd8                . = ALIGN (0x4)
 *(.rodata)
 *(.rodata*)
 .rodata.AHBPrescTable
                0x08001dd8       0x10 CMakeFiles/camera.elf.dir/Core/Src/system_stm32f4xx.c.obj
                0x08001dd8                AHBPrescTable
 .rodata.APBPrescTable
                0x08001de8        0x8 CMakeFiles/camera.elf.dir/Core/Src/system_stm32f4xx.c.obj
                0x08001de8                APBPrescTable
 .rodata.flagBitshiftOffset.0
                0x08001df0        0x8 CMakeFiles/camera.elf.dir/Drivers/STM32F4xx_HAL_Driver/Src/stm32f4xx_hal_dma.c.obj
 .rodata._global_impure_ptr
                0x08001df8        0x4 d:/stm/stm32_clion/gcc-arm-none-eabi-10.3-2021.10/bin/../lib/gcc/arm-none-eabi/10.3.1/../../../../arm-none-eabi/lib/thumb/v7e-m/nofp\libg.a(lib_a-impure.o)
                0x08001df8                _global_impure_ptr
                0x08001dfc                . = ALIGN (0x4)

.ARM.extab      0x08001dfc        0x0
                0x08001dfc                . = ALIGN (0x4)
 *(.ARM.extab* .gnu.linkonce.armextab.*)
                0x08001dfc                . = ALIGN (0x4)

.ARM            0x08001dfc        0x8
                0x08001dfc                . = ALIGN (0x4)
                0x08001dfc                __exidx_start = .
 *(.ARM.exidx*)
 .ARM.exidx     0x08001dfc        0x8 d:/stm/stm32_clion/gcc-arm-none-eabi-10.3-2021.10/bin/../lib/gcc/arm-none-eabi/10.3.1/thumb/v7e-m/nofp\libgcc.a(_udivmoddi4.o)
                0x08001e04                __exidx_end = .
                0x08001e04                . = ALIGN (0x4)

.rel.dyn        0x08001e04        0x0
 .rel.iplt      0x08001e04        0x0 d:/stm/stm32_clion/gcc-arm-none-eabi-10.3-2021.10/bin/../lib/gcc/arm-none-eabi/10.3.1/thumb/v7e-m/nofp/crtbegin.o

.preinit_array  0x08001e04        0x0
                0x08001e04                . = ALIGN (0x4)
                0x08001e04                PROVIDE (__preinit_array_start = .)
 *(.preinit_array*)
                0x08001e04                PROVIDE (__preinit_array_end = .)
                0x08001e04                . = ALIGN (0x4)

.init_array     0x08001e04        0x8
                0x08001e04                . = ALIGN (0x4)
                0x08001e04                PROVIDE (__init_array_start = .)
 *(SORT_BY_NAME(.init_array.*))
 .init_array.00000
                0x08001e04        0x4 d:/stm/stm32_clion/gcc-arm-none-eabi-10.3-2021.10/bin/../lib/gcc/arm-none-eabi/10.3.1/../../../../arm-none-eabi/lib/thumb/v7e-m/nofp\libg.a(lib_a-__call_atexit.o)
 *(.init_array*)
 .init_array    0x08001e08        0x4 d:/stm/stm32_clion/gcc-arm-none-eabi-10.3-2021.10/bin/../lib/gcc/arm-none-eabi/10.3.1/thumb/v7e-m/nofp/crtbegin.o
                0x08001e0c                PROVIDE (__init_array_end = .)
                0x08001e0c                . = ALIGN (0x4)

.fini_array     0x08001e0c        0x4
                0x08001e0c                . = ALIGN (0x4)
                0x08001e0c                PROVIDE (__fini_array_start = .)
 *(SORT_BY_NAME(.fini_array.*))
 *(.fini_array*)
 .fini_array    0x08001e0c        0x4 d:/stm/stm32_clion/gcc-arm-none-eabi-10.3-2021.10/bin/../lib/gcc/arm-none-eabi/10.3.1/thumb/v7e-m/nofp/crtbegin.o
                0x08001e10                PROVIDE (__fini_array_end = .)
                0x08001e10                . = ALIGN (0x4)
                0x08001e10                _sidata = LOADADDR (.data)

.data           0x20000000      0x43c load address 0x08001e10
                0x20000000                . = ALIGN (0x4)
                0x20000000                _sdata = .
 *(.data)
 *(.data*)
 .data.SystemCoreClock
                0x20000000        0x4 CMakeFiles/camera.elf.dir/Core/Src/system_stm32f4xx.c.obj
                0x20000000                SystemCoreClock
 .data.uwTickFreq
                0x20000004        0x1 CMakeFiles/camera.elf.dir/Drivers/STM32F4xx_HAL_Driver/Src/stm32f4xx_hal.c.obj
                0x20000004                uwTickFreq
 *fill*         0x20000005        0x3 
 .data.uwTickPrio
                0x20000008        0x4 CMakeFiles/camera.elf.dir/Drivers/STM32F4xx_HAL_Driver/Src/stm32f4xx_hal.c.obj
                0x20000008                uwTickPrio
 *fill*         0x2000000c        0x4 
 .data.impure_data
                0x20000010      0x428 d:/stm/stm32_clion/gcc-arm-none-eabi-10.3-2021.10/bin/../lib/gcc/arm-none-eabi/10.3.1/../../../../arm-none-eabi/lib/thumb/v7e-m/nofp\libg.a(lib_a-impure.o)
 .data.__atexit_recursive_mutex
                0x20000438        0x4 d:/stm/stm32_clion/gcc-arm-none-eabi-10.3-2021.10/bin/../lib/gcc/arm-none-eabi/10.3.1/../../../../arm-none-eabi/lib/thumb/v7e-m/nofp\libg.a(lib_a-__call_atexit.o)
                0x20000438                __atexit_recursive_mutex
 *(.RamFunc)
 *(.RamFunc*)
                0x2000043c                . = ALIGN (0x4)
                0x2000043c                _edata = .
                0x0800224c                _siccmram = LOADADDR (.ccmram)

.igot.plt       0x2000043c        0x0 load address 0x0800224c
 .igot.plt      0x2000043c        0x0 d:/stm/stm32_clion/gcc-arm-none-eabi-10.3-2021.10/bin/../lib/gcc/arm-none-eabi/10.3.1/thumb/v7e-m/nofp/crtbegin.o

.ccmram         0x10000000        0x0 load address 0x0800224c
                0x10000000                . = ALIGN (0x4)
                0x10000000                _sccmram = .
 *(.ccmram)
 *(.ccmram*)
                0x10000000                . = ALIGN (0x4)
                0x10000000                _eccmram = .
                0x10000000                . = ALIGN (0x4)

.bss            0x2000043c      0xa74
                0x2000043c                _sbss = .
                0x2000043c                __bss_start__ = _sbss
 *(.bss)
 .bss           0x2000043c       0x1c d:/stm/stm32_clion/gcc-arm-none-eabi-10.3-2021.10/bin/../lib/gcc/arm-none-eabi/10.3.1/thumb/v7e-m/nofp/crtbegin.o
 *(.bss*)
 .bss.hdma_tim8_ch4_trig_com
                0x20000458       0x60 CMakeFiles/camera.elf.dir/Core/Src/tim.c.obj
                0x20000458                hdma_tim8_ch4_trig_com
 .bss.htim8     0x200004b8       0x48 CMakeFiles/camera.elf.dir/Core/Src/tim.c.obj
                0x200004b8                htim8
 .bss.huart1    0x20000500       0x48 CMakeFiles/camera.elf.dir/Core/Src/usart.c.obj
                0x20000500                huart1
 .bss.image_bin
                0x20000548      0x960 CMakeFiles/camera.elf.dir/Core/modules/SEEKFREE_7725.c.obj
                0x20000548                image_bin
 .bss.uwTick    0x20000ea8        0x4 CMakeFiles/camera.elf.dir/Drivers/STM32F4xx_HAL_Driver/Src/stm32f4xx_hal.c.obj
                0x20000ea8                uwTick
 .bss.__lock___atexit_recursive_mutex
                0x20000eac        0x1 d:/stm/stm32_clion/gcc-arm-none-eabi-10.3-2021.10/bin/../lib/gcc/arm-none-eabi/10.3.1/../../../../arm-none-eabi/lib/thumb/v7e-m/nofp\libg.a(lib_a-lock.o)
                0x20000eac                __lock___atexit_recursive_mutex
 *(COMMON)
                0x20000eb0                . = ALIGN (0x4)
 *fill*         0x20000ead        0x3 
                0x20000eb0                _ebss = .
                0x20000eb0                __bss_end__ = _ebss

._user_heap_stack
                0x20000eb0      0x600
                0x20000eb0                . = ALIGN (0x8)
                [!provide]                PROVIDE (end = .)
                0x20000eb0                PROVIDE (_end = .)
                0x200010b0                . = (. + _Min_Heap_Size)
 *fill*         0x20000eb0      0x200 
                0x200014b0                . = (. + _Min_Stack_Size)
 *fill*         0x200010b0      0x400 
                0x200014b0                . = ALIGN (0x8)

/DISCARD/
 libc.a(*)
 libm.a(*)
 libgcc.a(*)

.ARM.attributes
                0x00000000       0x2a
 *(.ARM.attributes)
 .ARM.attributes
                0x00000000       0x1e d:/stm/stm32_clion/gcc-arm-none-eabi-10.3-2021.10/bin/../lib/gcc/arm-none-eabi/10.3.1/thumb/v7e-m/nofp/crti.o
 .ARM.attributes
                0x0000001e       0x2e d:/stm/stm32_clion/gcc-arm-none-eabi-10.3-2021.10/bin/../lib/gcc/arm-none-eabi/10.3.1/thumb/v7e-m/nofp/crtbegin.o
 .ARM.attributes
                0x0000004c       0x2e CMakeFiles/camera.elf.dir/Core/Src/dma.c.obj
 .ARM.attributes
                0x0000007a       0x2e CMakeFiles/camera.elf.dir/Core/Src/gpio.c.obj
 .ARM.attributes
                0x000000a8       0x2e CMakeFiles/camera.elf.dir/Core/Src/main.c.obj
 .ARM.attributes
                0x000000d6       0x2e CMakeFiles/camera.elf.dir/Core/Src/stm32f4xx_hal_msp.c.obj
 .ARM.attributes
                0x00000104       0x2e CMakeFiles/camera.elf.dir/Core/Src/stm32f4xx_it.c.obj
 .ARM.attributes
                0x00000132       0x2e CMakeFiles/camera.elf.dir/Core/Src/system_stm32f4xx.c.obj
 .ARM.attributes
                0x00000160       0x2e CMakeFiles/camera.elf.dir/Core/Src/tim.c.obj
 .ARM.attributes
                0x0000018e       0x2e CMakeFiles/camera.elf.dir/Core/Src/usart.c.obj
 .ARM.attributes
                0x000001bc       0x21 CMakeFiles/camera.elf.dir/Core/Startup/startup_stm32f407vetx.s.obj
 .ARM.attributes
                0x000001dd       0x2e CMakeFiles/camera.elf.dir/Core/modules/SEEKFREE_7725.c.obj
 .ARM.attributes
                0x0000020b       0x2e CMakeFiles/camera.elf.dir/Drivers/STM32F4xx_HAL_Driver/Src/stm32f4xx_hal.c.obj
 .ARM.attributes
                0x00000239       0x2e CMakeFiles/camera.elf.dir/Drivers/STM32F4xx_HAL_Driver/Src/stm32f4xx_hal_cortex.c.obj
 .ARM.attributes
                0x00000267       0x2e CMakeFiles/camera.elf.dir/Drivers/STM32F4xx_HAL_Driver/Src/stm32f4xx_hal_dma.c.obj
 .ARM.attributes
                0x00000295       0x2e CMakeFiles/camera.elf.dir/Drivers/STM32F4xx_HAL_Driver/Src/stm32f4xx_hal_gpio.c.obj
 .ARM.attributes
                0x000002c3       0x2e CMakeFiles/camera.elf.dir/Drivers/STM32F4xx_HAL_Driver/Src/stm32f4xx_hal_rcc.c.obj
 .ARM.attributes
                0x000002f1       0x2e CMakeFiles/camera.elf.dir/Drivers/STM32F4xx_HAL_Driver/Src/stm32f4xx_hal_tim.c.obj
 .ARM.attributes
                0x0000031f       0x2e CMakeFiles/camera.elf.dir/Drivers/STM32F4xx_HAL_Driver/Src/stm32f4xx_hal_tim_ex.c.obj
 .ARM.attributes
                0x0000034d       0x2e CMakeFiles/camera.elf.dir/Drivers/STM32F4xx_HAL_Driver/Src/stm32f4xx_hal_uart.c.obj
 .ARM.attributes
                0x0000037b       0x1e d:/stm/stm32_clion/gcc-arm-none-eabi-10.3-2021.10/bin/../lib/gcc/arm-none-eabi/10.3.1/thumb/v7e-m/nofp\libgcc.a(_aeabi_uldivmod.o)
 .ARM.attributes
                0x00000399       0x2e d:/stm/stm32_clion/gcc-arm-none-eabi-10.3-2021.10/bin/../lib/gcc/arm-none-eabi/10.3.1/thumb/v7e-m/nofp\libgcc.a(_udivmoddi4.o)
 .ARM.attributes
                0x000003c7       0x1e d:/stm/stm32_clion/gcc-arm-none-eabi-10.3-2021.10/bin/../lib/gcc/arm-none-eabi/10.3.1/thumb/v7e-m/nofp\libgcc.a(_dvmd_tls.o)
 .ARM.attributes
                0x000003e5       0x2e d:/stm/stm32_clion/gcc-arm-none-eabi-10.3-2021.10/bin/../lib/gcc/arm-none-eabi/10.3.1/../../../../arm-none-eabi/lib/thumb/v7e-m/nofp\libg.a(lib_a-impure.o)
 .ARM.attributes
                0x00000413       0x2e d:/stm/stm32_clion/gcc-arm-none-eabi-10.3-2021.10/bin/../lib/gcc/arm-none-eabi/10.3.1/../../../../arm-none-eabi/lib/thumb/v7e-m/nofp\libg.a(lib_a-init.o)
 .ARM.attributes
                0x00000441       0x2e d:/stm/stm32_clion/gcc-arm-none-eabi-10.3-2021.10/bin/../lib/gcc/arm-none-eabi/10.3.1/../../../../arm-none-eabi/lib/thumb/v7e-m/nofp\libg.a(lib_a-memset.o)
 .ARM.attributes
                0x0000046f       0x2e d:/stm/stm32_clion/gcc-arm-none-eabi-10.3-2021.10/bin/../lib/gcc/arm-none-eabi/10.3.1/../../../../arm-none-eabi/lib/thumb/v7e-m/nofp\libg.a(lib_a-__call_atexit.o)
 .ARM.attributes
                0x0000049d       0x2e d:/stm/stm32_clion/gcc-arm-none-eabi-10.3-2021.10/bin/../lib/gcc/arm-none-eabi/10.3.1/../../../../arm-none-eabi/lib/thumb/v7e-m/nofp\libg.a(lib_a-atexit.o)
 .ARM.attributes
                0x000004cb       0x2e d:/stm/stm32_clion/gcc-arm-none-eabi-10.3-2021.10/bin/../lib/gcc/arm-none-eabi/10.3.1/../../../../arm-none-eabi/lib/thumb/v7e-m/nofp\libg.a(lib_a-fini.o)
 .ARM.attributes
                0x000004f9       0x2e d:/stm/stm32_clion/gcc-arm-none-eabi-10.3-2021.10/bin/../lib/gcc/arm-none-eabi/10.3.1/../../../../arm-none-eabi/lib/thumb/v7e-m/nofp\libg.a(lib_a-lock.o)
 .ARM.attributes
                0x00000527       0x2e d:/stm/stm32_clion/gcc-arm-none-eabi-10.3-2021.10/bin/../lib/gcc/arm-none-eabi/10.3.1/../../../../arm-none-eabi/lib/thumb/v7e-m/nofp\libg.a(lib_a-__atexit.o)
 .ARM.attributes
                0x00000555       0x1e d:/stm/stm32_clion/gcc-arm-none-eabi-10.3-2021.10/bin/../lib/gcc/arm-none-eabi/10.3.1/thumb/v7e-m/nofp/crtn.o
OUTPUT(camera.elf elf32-littlearm)
LOAD linker stubs
LOAD d:/stm/stm32_clion/gcc-arm-none-eabi-10.3-2021.10/bin/../lib/gcc/arm-none-eabi/10.3.1/../../../../arm-none-eabi/lib/thumb/v7e-m/nofp\libc.a
LOAD d:/stm/stm32_clion/gcc-arm-none-eabi-10.3-2021.10/bin/../lib/gcc/arm-none-eabi/10.3.1/../../../../arm-none-eabi/lib/thumb/v7e-m/nofp\libm.a
LOAD d:/stm/stm32_clion/gcc-arm-none-eabi-10.3-2021.10/bin/../lib/gcc/arm-none-eabi/10.3.1/thumb/v7e-m/nofp\libgcc.a

.debug_info     0x00000000    0x119dd
 .debug_info    0x00000000      0x4fc CMakeFiles/camera.elf.dir/Core/Src/dma.c.obj
 .debug_info    0x000004fc      0x741 CMakeFiles/camera.elf.dir/Core/Src/gpio.c.obj
 .debug_info    0x00000c3d      0x5b2 CMakeFiles/camera.elf.dir/Core/Src/main.c.obj
 .debug_info    0x000011ef      0x2a4 CMakeFiles/camera.elf.dir/Core/Src/stm32f4xx_hal_msp.c.obj
 .debug_info    0x00001493      0x446 CMakeFiles/camera.elf.dir/Core/Src/stm32f4xx_it.c.obj
 .debug_info    0x000018d9      0x37d CMakeFiles/camera.elf.dir/Core/Src/system_stm32f4xx.c.obj
 .debug_info    0x00001c56      0xc49 CMakeFiles/camera.elf.dir/Core/Src/tim.c.obj
 .debug_info    0x0000289f      0x9ec CMakeFiles/camera.elf.dir/Core/Src/usart.c.obj
 .debug_info    0x0000328b       0x22 CMakeFiles/camera.elf.dir/Core/Startup/startup_stm32f407vetx.s.obj
 .debug_info    0x000032ad     0x1418 CMakeFiles/camera.elf.dir/Core/modules/SEEKFREE_7725.c.obj
 .debug_info    0x000046c5      0x9f0 CMakeFiles/camera.elf.dir/Drivers/STM32F4xx_HAL_Driver/Src/stm32f4xx_hal.c.obj
 .debug_info    0x000050b5     0x10de CMakeFiles/camera.elf.dir/Drivers/STM32F4xx_HAL_Driver/Src/stm32f4xx_hal_cortex.c.obj
 .debug_info    0x00006193      0xb3f CMakeFiles/camera.elf.dir/Drivers/STM32F4xx_HAL_Driver/Src/stm32f4xx_hal_dma.c.obj
 .debug_info    0x00006cd2      0x7b0 CMakeFiles/camera.elf.dir/Drivers/STM32F4xx_HAL_Driver/Src/stm32f4xx_hal_gpio.c.obj
 .debug_info    0x00007482      0xb03 CMakeFiles/camera.elf.dir/Drivers/STM32F4xx_HAL_Driver/Src/stm32f4xx_hal_rcc.c.obj
 .debug_info    0x00007f85     0x3dc6 CMakeFiles/camera.elf.dir/Drivers/STM32F4xx_HAL_Driver/Src/stm32f4xx_hal_tim.c.obj
 .debug_info    0x0000bd4b     0x1b03 CMakeFiles/camera.elf.dir/Drivers/STM32F4xx_HAL_Driver/Src/stm32f4xx_hal_tim_ex.c.obj
 .debug_info    0x0000d84e     0x418f CMakeFiles/camera.elf.dir/Drivers/STM32F4xx_HAL_Driver/Src/stm32f4xx_hal_uart.c.obj

.debug_abbrev   0x00000000     0x223f
 .debug_abbrev  0x00000000      0x126 CMakeFiles/camera.elf.dir/Core/Src/dma.c.obj
 .debug_abbrev  0x00000126      0x16a CMakeFiles/camera.elf.dir/Core/Src/gpio.c.obj
 .debug_abbrev  0x00000290      0x1b7 CMakeFiles/camera.elf.dir/Core/Src/main.c.obj
 .debug_abbrev  0x00000447       0xd1 CMakeFiles/camera.elf.dir/Core/Src/stm32f4xx_hal_msp.c.obj
 .debug_abbrev  0x00000518      0x17e CMakeFiles/camera.elf.dir/Core/Src/stm32f4xx_it.c.obj
 .debug_abbrev  0x00000696      0x119 CMakeFiles/camera.elf.dir/Core/Src/system_stm32f4xx.c.obj
 .debug_abbrev  0x000007af      0x1ee CMakeFiles/camera.elf.dir/Core/Src/tim.c.obj
 .debug_abbrev  0x0000099d      0x1da CMakeFiles/camera.elf.dir/Core/Src/usart.c.obj
 .debug_abbrev  0x00000b77       0x12 CMakeFiles/camera.elf.dir/Core/Startup/startup_stm32f407vetx.s.obj
 .debug_abbrev  0x00000b89      0x29d CMakeFiles/camera.elf.dir/Core/modules/SEEKFREE_7725.c.obj
 .debug_abbrev  0x00000e26      0x206 CMakeFiles/camera.elf.dir/Drivers/STM32F4xx_HAL_Driver/Src/stm32f4xx_hal.c.obj
 .debug_abbrev  0x0000102c      0x361 CMakeFiles/camera.elf.dir/Drivers/STM32F4xx_HAL_Driver/Src/stm32f4xx_hal_cortex.c.obj
 .debug_abbrev  0x0000138d      0x2c2 CMakeFiles/camera.elf.dir/Drivers/STM32F4xx_HAL_Driver/Src/stm32f4xx_hal_dma.c.obj
 .debug_abbrev  0x0000164f      0x1ef CMakeFiles/camera.elf.dir/Drivers/STM32F4xx_HAL_Driver/Src/stm32f4xx_hal_gpio.c.obj
 .debug_abbrev  0x0000183e      0x28a CMakeFiles/camera.elf.dir/Drivers/STM32F4xx_HAL_Driver/Src/stm32f4xx_hal_rcc.c.obj
 .debug_abbrev  0x00001ac8      0x232 CMakeFiles/camera.elf.dir/Drivers/STM32F4xx_HAL_Driver/Src/stm32f4xx_hal_tim.c.obj
 .debug_abbrev  0x00001cfa      0x248 CMakeFiles/camera.elf.dir/Drivers/STM32F4xx_HAL_Driver/Src/stm32f4xx_hal_tim_ex.c.obj
 .debug_abbrev  0x00001f42      0x2fd CMakeFiles/camera.elf.dir/Drivers/STM32F4xx_HAL_Driver/Src/stm32f4xx_hal_uart.c.obj

.debug_aranges  0x00000000      0xc68
 .debug_aranges
                0x00000000       0x20 CMakeFiles/camera.elf.dir/Core/Src/dma.c.obj
 .debug_aranges
                0x00000020       0x20 CMakeFiles/camera.elf.dir/Core/Src/gpio.c.obj
 .debug_aranges
                0x00000040       0x30 CMakeFiles/camera.elf.dir/Core/Src/main.c.obj
 .debug_aranges
                0x00000070       0x20 CMakeFiles/camera.elf.dir/Core/Src/stm32f4xx_hal_msp.c.obj
 .debug_aranges
                0x00000090       0x70 CMakeFiles/camera.elf.dir/Core/Src/stm32f4xx_it.c.obj
 .debug_aranges
                0x00000100       0x28 CMakeFiles/camera.elf.dir/Core/Src/system_stm32f4xx.c.obj
 .debug_aranges
                0x00000128       0x30 CMakeFiles/camera.elf.dir/Core/Src/tim.c.obj
 .debug_aranges
                0x00000158       0x30 CMakeFiles/camera.elf.dir/Core/Src/usart.c.obj
 .debug_aranges
                0x00000188       0x28 CMakeFiles/camera.elf.dir/Core/Startup/startup_stm32f407vetx.s.obj
 .debug_aranges
                0x000001b0       0x58 CMakeFiles/camera.elf.dir/Core/modules/SEEKFREE_7725.c.obj
 .debug_aranges
                0x00000208       0xf0 CMakeFiles/camera.elf.dir/Drivers/STM32F4xx_HAL_Driver/Src/stm32f4xx_hal.c.obj
 .debug_aranges
                0x000002f8       0xc0 CMakeFiles/camera.elf.dir/Drivers/STM32F4xx_HAL_Driver/Src/stm32f4xx_hal_cortex.c.obj
 .debug_aranges
                0x000003b8       0x90 CMakeFiles/camera.elf.dir/Drivers/STM32F4xx_HAL_Driver/Src/stm32f4xx_hal_dma.c.obj
 .debug_aranges
                0x00000448       0x58 CMakeFiles/camera.elf.dir/Drivers/STM32F4xx_HAL_Driver/Src/stm32f4xx_hal_gpio.c.obj
 .debug_aranges
                0x000004a0       0x88 CMakeFiles/camera.elf.dir/Drivers/STM32F4xx_HAL_Driver/Src/stm32f4xx_hal_rcc.c.obj
 .debug_aranges
                0x00000528      0x3d0 CMakeFiles/camera.elf.dir/Drivers/STM32F4xx_HAL_Driver/Src/stm32f4xx_hal_tim.c.obj
 .debug_aranges
                0x000008f8      0x168 CMakeFiles/camera.elf.dir/Drivers/STM32F4xx_HAL_Driver/Src/stm32f4xx_hal_tim_ex.c.obj
 .debug_aranges
                0x00000a60      0x208 CMakeFiles/camera.elf.dir/Drivers/STM32F4xx_HAL_Driver/Src/stm32f4xx_hal_uart.c.obj

.debug_ranges   0x00000000      0xbe0
 .debug_ranges  0x00000000       0x10 CMakeFiles/camera.elf.dir/Core/Src/dma.c.obj
 .debug_ranges  0x00000010       0x10 CMakeFiles/camera.elf.dir/Core/Src/gpio.c.obj
 .debug_ranges  0x00000020       0x20 CMakeFiles/camera.elf.dir/Core/Src/main.c.obj
 .debug_ranges  0x00000040       0x10 CMakeFiles/camera.elf.dir/Core/Src/stm32f4xx_hal_msp.c.obj
 .debug_ranges  0x00000050       0x60 CMakeFiles/camera.elf.dir/Core/Src/stm32f4xx_it.c.obj
 .debug_ranges  0x000000b0       0x18 CMakeFiles/camera.elf.dir/Core/Src/system_stm32f4xx.c.obj
 .debug_ranges  0x000000c8       0x20 CMakeFiles/camera.elf.dir/Core/Src/tim.c.obj
 .debug_ranges  0x000000e8       0x20 CMakeFiles/camera.elf.dir/Core/Src/usart.c.obj
 .debug_ranges  0x00000108       0x20 CMakeFiles/camera.elf.dir/Core/Startup/startup_stm32f407vetx.s.obj
 .debug_ranges  0x00000128       0x48 CMakeFiles/camera.elf.dir/Core/modules/SEEKFREE_7725.c.obj
 .debug_ranges  0x00000170       0xe0 CMakeFiles/camera.elf.dir/Drivers/STM32F4xx_HAL_Driver/Src/stm32f4xx_hal.c.obj
 .debug_ranges  0x00000250      0x110 CMakeFiles/camera.elf.dir/Drivers/STM32F4xx_HAL_Driver/Src/stm32f4xx_hal_cortex.c.obj
 .debug_ranges  0x00000360       0x80 CMakeFiles/camera.elf.dir/Drivers/STM32F4xx_HAL_Driver/Src/stm32f4xx_hal_dma.c.obj
 .debug_ranges  0x000003e0       0x48 CMakeFiles/camera.elf.dir/Drivers/STM32F4xx_HAL_Driver/Src/stm32f4xx_hal_gpio.c.obj
 .debug_ranges  0x00000428       0x90 CMakeFiles/camera.elf.dir/Drivers/STM32F4xx_HAL_Driver/Src/stm32f4xx_hal_rcc.c.obj
 .debug_ranges  0x000004b8      0x3c0 CMakeFiles/camera.elf.dir/Drivers/STM32F4xx_HAL_Driver/Src/stm32f4xx_hal_tim.c.obj
 .debug_ranges  0x00000878      0x158 CMakeFiles/camera.elf.dir/Drivers/STM32F4xx_HAL_Driver/Src/stm32f4xx_hal_tim_ex.c.obj
 .debug_ranges  0x000009d0      0x210 CMakeFiles/camera.elf.dir/Drivers/STM32F4xx_HAL_Driver/Src/stm32f4xx_hal_uart.c.obj

.debug_line     0x00000000     0xf380
 .debug_line    0x00000000      0x1b1 CMakeFiles/camera.elf.dir/Core/Src/dma.c.obj
 .debug_line    0x000001b1      0x23e CMakeFiles/camera.elf.dir/Core/Src/gpio.c.obj
 .debug_line    0x000003ef      0x379 CMakeFiles/camera.elf.dir/Core/Src/main.c.obj
 .debug_line    0x00000768      0x179 CMakeFiles/camera.elf.dir/Core/Src/stm32f4xx_hal_msp.c.obj
 .debug_line    0x000008e1      0x344 CMakeFiles/camera.elf.dir/Core/Src/stm32f4xx_it.c.obj
 .debug_line    0x00000c25      0x241 CMakeFiles/camera.elf.dir/Core/Src/system_stm32f4xx.c.obj
 .debug_line    0x00000e66      0x3d9 CMakeFiles/camera.elf.dir/Core/Src/tim.c.obj
 .debug_line    0x0000123f      0x303 CMakeFiles/camera.elf.dir/Core/Src/usart.c.obj
 .debug_line    0x00001542       0x95 CMakeFiles/camera.elf.dir/Core/Startup/startup_stm32f407vetx.s.obj
 .debug_line    0x000015d7      0x466 CMakeFiles/camera.elf.dir/Core/modules/SEEKFREE_7725.c.obj
 .debug_line    0x00001a3d      0x5a3 CMakeFiles/camera.elf.dir/Drivers/STM32F4xx_HAL_Driver/Src/stm32f4xx_hal.c.obj
 .debug_line    0x00001fe0      0x7ea CMakeFiles/camera.elf.dir/Drivers/STM32F4xx_HAL_Driver/Src/stm32f4xx_hal_cortex.c.obj
 .debug_line    0x000027ca      0xe53 CMakeFiles/camera.elf.dir/Drivers/STM32F4xx_HAL_Driver/Src/stm32f4xx_hal_dma.c.obj
 .debug_line    0x0000361d      0x70f CMakeFiles/camera.elf.dir/Drivers/STM32F4xx_HAL_Driver/Src/stm32f4xx_hal_gpio.c.obj
 .debug_line    0x00003d2c      0xb76 CMakeFiles/camera.elf.dir/Drivers/STM32F4xx_HAL_Driver/Src/stm32f4xx_hal_rcc.c.obj
 .debug_line    0x000048a2     0x4b07 CMakeFiles/camera.elf.dir/Drivers/STM32F4xx_HAL_Driver/Src/stm32f4xx_hal_tim.c.obj
 .debug_line    0x000093a9     0x1cde CMakeFiles/camera.elf.dir/Drivers/STM32F4xx_HAL_Driver/Src/stm32f4xx_hal_tim_ex.c.obj
 .debug_line    0x0000b087     0x42f9 CMakeFiles/camera.elf.dir/Drivers/STM32F4xx_HAL_Driver/Src/stm32f4xx_hal_uart.c.obj

.debug_str      0x00000000     0x3e33
 .debug_str     0x00000000      0x78d CMakeFiles/camera.elf.dir/Core/Src/dma.c.obj
                                0x7cf (size before relaxing)
 .debug_str     0x0000078d       0xdc CMakeFiles/camera.elf.dir/Core/Src/gpio.c.obj
                                0x88e (size before relaxing)
 .debug_str     0x00000869      0x1ff CMakeFiles/camera.elf.dir/Core/Src/main.c.obj
                                0x4b5 (size before relaxing)
 .debug_str     0x00000a68       0x39 CMakeFiles/camera.elf.dir/Core/Src/stm32f4xx_hal_msp.c.obj
                                0x2c7 (size before relaxing)
 .debug_str     0x00000aa1      0x349 CMakeFiles/camera.elf.dir/Core/Src/stm32f4xx_it.c.obj
                                0x51b (size before relaxing)
 .debug_str     0x00000dea       0x94 CMakeFiles/camera.elf.dir/Core/Src/system_stm32f4xx.c.obj
                                0x32d (size before relaxing)
 .debug_str     0x00000e7e      0x426 CMakeFiles/camera.elf.dir/Core/Src/tim.c.obj
                                0xa36 (size before relaxing)
 .debug_str     0x000012a4      0x243 CMakeFiles/camera.elf.dir/Core/Src/usart.c.obj
                                0x830 (size before relaxing)
 .debug_str     0x000014e7       0x43 CMakeFiles/camera.elf.dir/Core/Startup/startup_stm32f407vetx.s.obj
                                 0x65 (size before relaxing)
 .debug_str     0x0000152a      0x252 CMakeFiles/camera.elf.dir/Core/modules/SEEKFREE_7725.c.obj
                                0xba2 (size before relaxing)
 .debug_str     0x0000177c      0x364 CMakeFiles/camera.elf.dir/Drivers/STM32F4xx_HAL_Driver/Src/stm32f4xx_hal.c.obj
                                0xb66 (size before relaxing)
 .debug_str     0x00001ae0      0x4ea CMakeFiles/camera.elf.dir/Drivers/STM32F4xx_HAL_Driver/Src/stm32f4xx_hal_cortex.c.obj
                                0xc81 (size before relaxing)
 .debug_str     0x00001fca      0x202 CMakeFiles/camera.elf.dir/Drivers/STM32F4xx_HAL_Driver/Src/stm32f4xx_hal_dma.c.obj
                                0x782 (size before relaxing)
 .debug_str     0x000021cc       0xf7 CMakeFiles/camera.elf.dir/Drivers/STM32F4xx_HAL_Driver/Src/stm32f4xx_hal_gpio.c.obj
                                0x4ec (size before relaxing)
 .debug_str     0x000022c3      0x1b1 CMakeFiles/camera.elf.dir/Drivers/STM32F4xx_HAL_Driver/Src/stm32f4xx_hal_rcc.c.obj
                                0x712 (size before relaxing)
 .debug_str     0x00002474      0xe69 CMakeFiles/camera.elf.dir/Drivers/STM32F4xx_HAL_Driver/Src/stm32f4xx_hal_tim.c.obj
                               0x16d5 (size before relaxing)
 .debug_str     0x000032dd      0x531 CMakeFiles/camera.elf.dir/Drivers/STM32F4xx_HAL_Driver/Src/stm32f4xx_hal_tim_ex.c.obj
                                0xec6 (size before relaxing)
 .debug_str     0x0000380e      0x625 CMakeFiles/camera.elf.dir/Drivers/STM32F4xx_HAL_Driver/Src/stm32f4xx_hal_uart.c.obj
                                0xda7 (size before relaxing)

.comment        0x00000000       0x49
 .comment       0x00000000       0x49 CMakeFiles/camera.elf.dir/Core/Src/dma.c.obj
                                 0x4a (size before relaxing)
 .comment       0x00000049       0x4a CMakeFiles/camera.elf.dir/Core/Src/gpio.c.obj
 .comment       0x00000049       0x4a CMakeFiles/camera.elf.dir/Core/Src/main.c.obj
 .comment       0x00000049       0x4a CMakeFiles/camera.elf.dir/Core/Src/stm32f4xx_hal_msp.c.obj
 .comment       0x00000049       0x4a CMakeFiles/camera.elf.dir/Core/Src/stm32f4xx_it.c.obj
 .comment       0x00000049       0x4a CMakeFiles/camera.elf.dir/Core/Src/system_stm32f4xx.c.obj
 .comment       0x00000049       0x4a CMakeFiles/camera.elf.dir/Core/Src/tim.c.obj
 .comment       0x00000049       0x4a CMakeFiles/camera.elf.dir/Core/Src/usart.c.obj
 .comment       0x00000049       0x4a CMakeFiles/camera.elf.dir/Core/modules/SEEKFREE_7725.c.obj
 .comment       0x00000049       0x4a CMakeFiles/camera.elf.dir/Drivers/STM32F4xx_HAL_Driver/Src/stm32f4xx_hal.c.obj
 .comment       0x00000049       0x4a CMakeFiles/camera.elf.dir/Drivers/STM32F4xx_HAL_Driver/Src/stm32f4xx_hal_cortex.c.obj
 .comment       0x00000049       0x4a CMakeFiles/camera.elf.dir/Drivers/STM32F4xx_HAL_Driver/Src/stm32f4xx_hal_dma.c.obj
 .comment       0x00000049       0x4a CMakeFiles/camera.elf.dir/Drivers/STM32F4xx_HAL_Driver/Src/stm32f4xx_hal_gpio.c.obj
 .comment       0x00000049       0x4a CMakeFiles/camera.elf.dir/Drivers/STM32F4xx_HAL_Driver/Src/stm32f4xx_hal_rcc.c.obj
 .comment       0x00000049       0x4a CMakeFiles/camera.elf.dir/Drivers/STM32F4xx_HAL_Driver/Src/stm32f4xx_hal_tim.c.obj
 .comment       0x00000049       0x4a CMakeFiles/camera.elf.dir/Drivers/STM32F4xx_HAL_Driver/Src/stm32f4xx_hal_tim_ex.c.obj
 .comment       0x00000049       0x4a CMakeFiles/camera.elf.dir/Drivers/STM32F4xx_HAL_Driver/Src/stm32f4xx_hal_uart.c.obj

.debug_frame    0x00000000     0x21ec
 .debug_frame   0x00000000       0x2c CMakeFiles/camera.elf.dir/Core/Src/dma.c.obj
 .debug_frame   0x0000002c       0x34 CMakeFiles/camera.elf.dir/Core/Src/gpio.c.obj
 .debug_frame   0x00000060       0x58 CMakeFiles/camera.elf.dir/Core/Src/main.c.obj
 .debug_frame   0x000000b8       0x28 CMakeFiles/camera.elf.dir/Core/Src/stm32f4xx_hal_msp.c.obj
 .debug_frame   0x000000e0       0xd8 CMakeFiles/camera.elf.dir/Core/Src/stm32f4xx_it.c.obj
 .debug_frame   0x000001b8       0x30 CMakeFiles/camera.elf.dir/Core/Src/system_stm32f4xx.c.obj
 .debug_frame   0x000001e8       0x6c CMakeFiles/camera.elf.dir/Core/Src/tim.c.obj
 .debug_frame   0x00000254       0x60 CMakeFiles/camera.elf.dir/Core/Src/usart.c.obj
 .debug_frame   0x000002b4       0xc4 CMakeFiles/camera.elf.dir/Core/modules/SEEKFREE_7725.c.obj
 .debug_frame   0x00000378      0x1ec CMakeFiles/camera.elf.dir/Drivers/STM32F4xx_HAL_Driver/Src/stm32f4xx_hal.c.obj
 .debug_frame   0x00000564      0x178 CMakeFiles/camera.elf.dir/Drivers/STM32F4xx_HAL_Driver/Src/stm32f4xx_hal_cortex.c.obj
 .debug_frame   0x000006dc      0x188 CMakeFiles/camera.elf.dir/Drivers/STM32F4xx_HAL_Driver/Src/stm32f4xx_hal_dma.c.obj
 .debug_frame   0x00000864       0xd8 CMakeFiles/camera.elf.dir/Drivers/STM32F4xx_HAL_Driver/Src/stm32f4xx_hal_gpio.c.obj
 .debug_frame   0x0000093c      0x16c CMakeFiles/camera.elf.dir/Drivers/STM32F4xx_HAL_Driver/Src/stm32f4xx_hal_rcc.c.obj
 .debug_frame   0x00000aa8      0xb08 CMakeFiles/camera.elf.dir/Drivers/STM32F4xx_HAL_Driver/Src/stm32f4xx_hal_tim.c.obj
 .debug_frame   0x000015b0      0x40c CMakeFiles/camera.elf.dir/Drivers/STM32F4xx_HAL_Driver/Src/stm32f4xx_hal_tim_ex.c.obj
 .debug_frame   0x000019bc      0x5e4 CMakeFiles/camera.elf.dir/Drivers/STM32F4xx_HAL_Driver/Src/stm32f4xx_hal_uart.c.obj
 .debug_frame   0x00001fa0       0x2c d:/stm/stm32_clion/gcc-arm-none-eabi-10.3-2021.10/bin/../lib/gcc/arm-none-eabi/10.3.1/thumb/v7e-m/nofp\libgcc.a(_aeabi_uldivmod.o)
 .debug_frame   0x00001fcc       0x34 d:/stm/stm32_clion/gcc-arm-none-eabi-10.3-2021.10/bin/../lib/gcc/arm-none-eabi/10.3.1/thumb/v7e-m/nofp\libgcc.a(_udivmoddi4.o)
 .debug_frame   0x00002000       0x2c d:/stm/stm32_clion/gcc-arm-none-eabi-10.3-2021.10/bin/../lib/gcc/arm-none-eabi/10.3.1/../../../../arm-none-eabi/lib/thumb/v7e-m/nofp\libg.a(lib_a-init.o)
 .debug_frame   0x0000202c       0x2c d:/stm/stm32_clion/gcc-arm-none-eabi-10.3-2021.10/bin/../lib/gcc/arm-none-eabi/10.3.1/../../../../arm-none-eabi/lib/thumb/v7e-m/nofp\libg.a(lib_a-memset.o)
 .debug_frame   0x00002058       0x5c d:/stm/stm32_clion/gcc-arm-none-eabi-10.3-2021.10/bin/../lib/gcc/arm-none-eabi/10.3.1/../../../../arm-none-eabi/lib/thumb/v7e-m/nofp\libg.a(lib_a-__call_atexit.o)
 .debug_frame   0x000020b4       0x20 d:/stm/stm32_clion/gcc-arm-none-eabi-10.3-2021.10/bin/../lib/gcc/arm-none-eabi/10.3.1/../../../../arm-none-eabi/lib/thumb/v7e-m/nofp\libg.a(lib_a-atexit.o)
 .debug_frame   0x000020d4       0x34 d:/stm/stm32_clion/gcc-arm-none-eabi-10.3-2021.10/bin/../lib/gcc/arm-none-eabi/10.3.1/../../../../arm-none-eabi/lib/thumb/v7e-m/nofp\libg.a(lib_a-fini.o)
 .debug_frame   0x00002108       0xb0 d:/stm/stm32_clion/gcc-arm-none-eabi-10.3-2021.10/bin/../lib/gcc/arm-none-eabi/10.3.1/../../../../arm-none-eabi/lib/thumb/v7e-m/nofp\libg.a(lib_a-lock.o)
 .debug_frame   0x000021b8       0x34 d:/stm/stm32_clion/gcc-arm-none-eabi-10.3-2021.10/bin/../lib/gcc/arm-none-eabi/10.3.1/../../../../arm-none-eabi/lib/thumb/v7e-m/nofp\libg.a(lib_a-__atexit.o)

.debug_loc      0x00000000     0xd768
 .debug_loc     0x00000000      0x158 CMakeFiles/camera.elf.dir/Core/Src/system_stm32f4xx.c.obj
 .debug_loc     0x00000158       0x71 CMakeFiles/camera.elf.dir/Core/Src/tim.c.obj
 .debug_loc     0x000001c9       0x84 CMakeFiles/camera.elf.dir/Core/Src/usart.c.obj
 .debug_loc     0x0000024d      0x1b2 CMakeFiles/camera.elf.dir/Core/modules/SEEKFREE_7725.c.obj
 .debug_loc     0x000003ff      0x141 CMakeFiles/camera.elf.dir/Drivers/STM32F4xx_HAL_Driver/Src/stm32f4xx_hal.c.obj
 .debug_loc     0x00000540      0x744 CMakeFiles/camera.elf.dir/Drivers/STM32F4xx_HAL_Driver/Src/stm32f4xx_hal_cortex.c.obj
 .debug_loc     0x00000c84      0xbf9 CMakeFiles/camera.elf.dir/Drivers/STM32F4xx_HAL_Driver/Src/stm32f4xx_hal_dma.c.obj
 .debug_loc     0x0000187d      0x520 CMakeFiles/camera.elf.dir/Drivers/STM32F4xx_HAL_Driver/Src/stm32f4xx_hal_gpio.c.obj
 .debug_loc     0x00001d9d      0x58c CMakeFiles/camera.elf.dir/Drivers/STM32F4xx_HAL_Driver/Src/stm32f4xx_hal_rcc.c.obj
 .debug_loc     0x00002329     0x50ad CMakeFiles/camera.elf.dir/Drivers/STM32F4xx_HAL_Driver/Src/stm32f4xx_hal_tim.c.obj
 .debug_loc     0x000073d6     0x1cca CMakeFiles/camera.elf.dir/Drivers/STM32F4xx_HAL_Driver/Src/stm32f4xx_hal_tim_ex.c.obj
 .debug_loc     0x000090a0     0x46c8 CMakeFiles/camera.elf.dir/Drivers/STM32F4xx_HAL_Driver/Src/stm32f4xx_hal_uart.c.obj
