Archive member included to satisfy reference by file (symbol)

d:/stm/stm32_clion/gcc-arm-none-eabi-10.3-2021.10/bin/../lib/gcc/arm-none-eabi/10.3.1/thumb/v7e-m/nofp\libgcc.a(_arm_mulsf3.o)
                              CMakeFiles/camera.elf.dir/Core/modules/lcd_spi_200.c.obj (__aeabi_fmul)
d:/stm/stm32_clion/gcc-arm-none-eabi-10.3-2021.10/bin/../lib/gcc/arm-none-eabi/10.3.1/thumb/v7e-m/nofp\libgcc.a(_arm_addsubsf3.o)
                              CMakeFiles/camera.elf.dir/Core/modules/lcd_spi_200.c.obj (__aeabi_ui2f)
d:/stm/stm32_clion/gcc-arm-none-eabi-10.3-2021.10/bin/../lib/gcc/arm-none-eabi/10.3.1/thumb/v7e-m/nofp\libgcc.a(_arm_muldivsf3.o)
                              CMakeFiles/camera.elf.dir/Core/modules/lcd_spi_200.c.obj (__aeabi_fdiv)
d:/stm/stm32_clion/gcc-arm-none-eabi-10.3-2021.10/bin/../lib/gcc/arm-none-eabi/10.3.1/thumb/v7e-m/nofp\libgcc.a(_arm_cmpsf2.o)
                              CMakeFiles/camera.elf.dir/Core/modules/lcd_spi_200.c.obj (__aeabi_fcmplt)
d:/stm/stm32_clion/gcc-arm-none-eabi-10.3-2021.10/bin/../lib/gcc/arm-none-eabi/10.3.1/thumb/v7e-m/nofp\libgcc.a(_arm_fixunssfsi.o)
                              CMakeFiles/camera.elf.dir/Core/modules/lcd_spi_200.c.obj (__aeabi_f2uiz)
d:/stm/stm32_clion/gcc-arm-none-eabi-10.3-2021.10/bin/../lib/gcc/arm-none-eabi/10.3.1/thumb/v7e-m/nofp\libgcc.a(_aeabi_uldivmod.o)
                              CMakeFiles/camera.elf.dir/Drivers/STM32F4xx_HAL_Driver/Src/stm32f4xx_hal_rcc.c.obj (__aeabi_uldivmod)
d:/stm/stm32_clion/gcc-arm-none-eabi-10.3-2021.10/bin/../lib/gcc/arm-none-eabi/10.3.1/thumb/v7e-m/nofp\libgcc.a(_udivmoddi4.o)
                              d:/stm/stm32_clion/gcc-arm-none-eabi-10.3-2021.10/bin/../lib/gcc/arm-none-eabi/10.3.1/thumb/v7e-m/nofp\libgcc.a(_aeabi_uldivmod.o) (__udivmoddi4)
d:/stm/stm32_clion/gcc-arm-none-eabi-10.3-2021.10/bin/../lib/gcc/arm-none-eabi/10.3.1/thumb/v7e-m/nofp\libgcc.a(_dvmd_tls.o)
                              d:/stm/stm32_clion/gcc-arm-none-eabi-10.3-2021.10/bin/../lib/gcc/arm-none-eabi/10.3.1/thumb/v7e-m/nofp\libgcc.a(_aeabi_uldivmod.o) (__aeabi_ldiv0)
d:/stm/stm32_clion/gcc-arm-none-eabi-10.3-2021.10/bin/../lib/gcc/arm-none-eabi/10.3.1/../../../../arm-none-eabi/lib/thumb/v7e-m/nofp\libg.a(lib_a-errno.o)
                              CMakeFiles/camera.elf.dir/Core/Src/syscalls.c.obj (__errno)
d:/stm/stm32_clion/gcc-arm-none-eabi-10.3-2021.10/bin/../lib/gcc/arm-none-eabi/10.3.1/../../../../arm-none-eabi/lib/thumb/v7e-m/nofp\libg.a(lib_a-exit.o)
                              d:/stm/stm32_clion/gcc-arm-none-eabi-10.3-2021.10/bin/../lib/gcc/arm-none-eabi/10.3.1/../../../../arm-none-eabi/lib/thumb/v7e-m/nofp/crt0.o (exit)
d:/stm/stm32_clion/gcc-arm-none-eabi-10.3-2021.10/bin/../lib/gcc/arm-none-eabi/10.3.1/../../../../arm-none-eabi/lib/thumb/v7e-m/nofp\libg.a(lib_a-impure.o)
                              d:/stm/stm32_clion/gcc-arm-none-eabi-10.3-2021.10/bin/../lib/gcc/arm-none-eabi/10.3.1/../../../../arm-none-eabi/lib/thumb/v7e-m/nofp\libg.a(lib_a-exit.o) (_global_impure_ptr)
d:/stm/stm32_clion/gcc-arm-none-eabi-10.3-2021.10/bin/../lib/gcc/arm-none-eabi/10.3.1/../../../../arm-none-eabi/lib/thumb/v7e-m/nofp\libg.a(lib_a-init.o)
                              d:/stm/stm32_clion/gcc-arm-none-eabi-10.3-2021.10/bin/../lib/gcc/arm-none-eabi/10.3.1/../../../../arm-none-eabi/lib/thumb/v7e-m/nofp/crt0.o (__libc_init_array)
d:/stm/stm32_clion/gcc-arm-none-eabi-10.3-2021.10/bin/../lib/gcc/arm-none-eabi/10.3.1/../../../../arm-none-eabi/lib/thumb/v7e-m/nofp\libg.a(lib_a-memset.o)
                              d:/stm/stm32_clion/gcc-arm-none-eabi-10.3-2021.10/bin/../lib/gcc/arm-none-eabi/10.3.1/../../../../arm-none-eabi/lib/thumb/v7e-m/nofp/crt0.o (memset)
d:/stm/stm32_clion/gcc-arm-none-eabi-10.3-2021.10/bin/../lib/gcc/arm-none-eabi/10.3.1/../../../../arm-none-eabi/lib/thumb/v7e-m/nofp\libg.a(lib_a-sprintf.o)
                              CMakeFiles/camera.elf.dir/Core/modules/lcd_spi_200.c.obj (sprintf)
d:/stm/stm32_clion/gcc-arm-none-eabi-10.3-2021.10/bin/../lib/gcc/arm-none-eabi/10.3.1/../../../../arm-none-eabi/lib/thumb/v7e-m/nofp\libg.a(lib_a-svfprintf.o)
                              d:/stm/stm32_clion/gcc-arm-none-eabi-10.3-2021.10/bin/../lib/gcc/arm-none-eabi/10.3.1/../../../../arm-none-eabi/lib/thumb/v7e-m/nofp\libg.a(lib_a-sprintf.o) (_svfprintf_r)
d:/stm/stm32_clion/gcc-arm-none-eabi-10.3-2021.10/bin/../lib/gcc/arm-none-eabi/10.3.1/../../../../arm-none-eabi/lib/thumb/v7e-m/nofp\libg.a(lib_a-__call_atexit.o)
                              d:/stm/stm32_clion/gcc-arm-none-eabi-10.3-2021.10/bin/../lib/gcc/arm-none-eabi/10.3.1/../../../../arm-none-eabi/lib/thumb/v7e-m/nofp\libg.a(lib_a-exit.o) (__call_exitprocs)
d:/stm/stm32_clion/gcc-arm-none-eabi-10.3-2021.10/bin/../lib/gcc/arm-none-eabi/10.3.1/../../../../arm-none-eabi/lib/thumb/v7e-m/nofp\libg.a(lib_a-atexit.o)
[...]
Memory Configuration

Name             Origin             Length             Attributes
CCMRAM           0x10000000         0x00010000         xrw
RAM              0x20000000         0x00020000         xrw
FLASH            0x08000000         0x00080000         xr
*default*        0x00000000         0xffffffff

Linker script and memory map

LOAD d:/stm/stm32_clion/gcc-arm-none-eabi-10.3-2021.10/bin/../lib/gcc/arm-none-eabi/10.3.1/thumb/v7e-m/nofp/crti.o
LOAD d:/stm/stm32_clion/gcc-arm-none-eabi-10.3-2021.10/bin/../lib/gcc/arm-none-eabi/10.3.1/thumb/v7e-m/nofp/crtbegin.o
LOAD d:/stm/stm32_clion/gcc-arm-none-eabi-10.3-2021.10/bin/../lib/gcc/arm-none-eabi/10.3.1/../../../../arm-none-eabi/lib/thumb/v7e-m/nofp/crt0.o
LOAD CMakeFiles/camera.elf.dir/Core/Src/dma.c.obj
LOAD CMakeFiles/camera.elf.dir/Core/Src/gpio.c.obj
LOAD CMakeFiles/camera.elf.dir/Core/Src/main.c.obj
LOAD CMakeFiles/camera.elf.dir/Core/Src/spi.c.obj
LOAD CMakeFiles/camera.elf.dir/Core/Src/stm32f4xx_hal_msp.c.obj
LOAD CMakeFiles/camera.elf.dir/Core/Src/stm32f4xx_it.c.obj
LOAD CMakeFiles/camera.elf.dir/Core/Src/syscalls.c.obj
LOAD CMakeFiles/camera.elf.dir/Core/Src/sysmem.c.obj
LOAD CMakeFiles/camera.elf.dir/Core/Src/system_stm32f4xx.c.obj
LOAD CMakeFiles/camera.elf.dir/Core/Src/tim.c.obj
LOAD CMakeFiles/camera.elf.dir/Core/Src/usart.c.obj
LOAD CMakeFiles/camera.elf.dir/Core/Startup/startup_stm32f407vetx.s.obj
LOAD CMakeFiles/camera.elf.dir/Core/modules/SEEKFREE_7725.c.obj
LOAD CMakeFiles/camera.elf.dir/Core/modules/SEEKFREE_IIC.c.obj
LOAD CMakeFiles/camera.elf.dir/Core/modules/lcd_fonts.c.obj
LOAD CMakeFiles/camera.elf.dir/Core/modules/lcd_image.c.obj
LOAD CMakeFiles/camera.elf.dir/Core/modules/lcd_spi_200.c.obj
LOAD CMakeFiles/camera.elf.dir/Drivers/STM32F4xx_HAL_Driver/Src/stm32f4xx_hal.c.obj
LOAD CMakeFiles/camera.elf.dir/Drivers/STM32F4xx_HAL_Driver/Src/stm32f4xx_hal_cortex.c.obj
LOAD CMakeFiles/camera.elf.dir/Drivers/STM32F4xx_HAL_Driver/Src/stm32f4xx_hal_dma.c.obj
LOAD CMakeFiles/camera.elf.dir/Drivers/STM32F4xx_HAL_Driver/Src/stm32f4xx_hal_dma_ex.c.obj
LOAD CMakeFiles/camera.elf.dir/Drivers/STM32F4xx_HAL_Driver/Src/stm32f4xx_hal_exti.c.obj
LOAD CMakeFiles/camera.elf.dir/Drivers/STM32F4xx_HAL_Driver/Src/stm32f4xx_hal_flash.c.obj
LOAD CMakeFiles/camera.elf.dir/Drivers/STM32F4xx_HAL_Driver/Src/stm32f4xx_hal_flash_ex.c.obj
LOAD CMakeFiles/camera.elf.dir/Drivers/STM32F4xx_HAL_Driver/Src/stm32f4xx_hal_flash_ramfunc.c.obj
LOAD CMakeFiles/camera.elf.dir/Drivers/STM32F4xx_HAL_Driver/Src/stm32f4xx_hal_gpio.c.obj
LOAD CMakeFiles/camera.elf.dir/Drivers/STM32F4xx_HAL_Driver/Src/stm32f4xx_hal_pwr.c.obj
LOAD CMakeFiles/camera.elf.dir/Drivers/STM32F4xx_HAL_Driver/Src/stm32f4xx_hal_pwr_ex.c.obj
LOAD CMakeFiles/camera.elf.dir/Drivers/STM32F4xx_HAL_Driver/Src/stm32f4xx_hal_rcc.c.obj
LOAD CMakeFiles/camera.elf.dir/Drivers/STM32F4xx_HAL_Driver/Src/stm32f4xx_hal_rcc_ex.c.obj
LOAD CMakeFiles/camera.elf.dir/Drivers/STM32F4xx_HAL_Driver/Src/stm32f4xx_hal_spi.c.obj
LOAD CMakeFiles/camera.elf.dir/Drivers/STM32F4xx_HAL_Driver/Src/stm32f4xx_hal_tim.c.obj
LOAD CMakeFiles/camera.elf.dir/Drivers/STM32F4xx_HAL_Driver/Src/stm32f4xx_hal_tim_ex.c.obj
LOAD CMakeFiles/camera.elf.dir/Drivers/STM32F4xx_HAL_Driver/Src/stm32f4xx_hal_uart.c.obj
START GROUP
LOAD d:/stm/stm32_clion/gcc-arm-none-eabi-10.3-2021.10/bin/../lib/gcc/arm-none-eabi/10.3.1/thumb/v7e-m/nofp\libgcc.a
LOAD d:/stm/stm32_clion/gcc-arm-none-eabi-10.3-2021.10/bin/../lib/gcc/arm-none-eabi/10.3.1/../../../../arm-none-eabi/lib/thumb/v7e-m/nofp\libg.a
LOAD d:/stm/stm32_clion/gcc-arm-none-eabi-10.3-2021.10/bin/../lib/gcc/arm-none-eabi/10.3.1/../../../../arm-none-eabi/lib/thumb/v7e-m/nofp\libc.a
END GROUP
LOAD d:/stm/stm32_clion/gcc-arm-none-eabi-10.3-2021.10/bin/../lib/gcc/arm-none-eabi/10.3.1/thumb/v7e-m/nofp/crtend.o
LOAD d:/stm/stm32_clion/gcc-arm-none-eabi-10.3-2021.10/bin/../lib/gcc/arm-none-eabi/10.3.1/thumb/v7e-m/nofp/crtn.o
                0x20020000                _estack = (ORIGIN (RAM) + LENGTH (RAM))
                0x00000200                _Min_Heap_Size = 0x200
                0x00000400                _Min_Stack_Size = 0x400

.isr_vector     0x08000000      0x188
                0x08000000                . = ALIGN (0x4)
 *(.isr_vector)
 .isr_vector    0x08000000      0x188 CMakeFiles/camera.elf.dir/Core/Startup/startup_stm32f407vetx.s.obj
                0x08000000                g_pfnVectors
                0x08000188                . = ALIGN (0x4)

.text           0x08000188     0x29e0
                0x08000188                . = ALIGN (0x4)
 *(.text)
 .text          0x08000188       0x40 d:/stm/stm32_clion/gcc-arm-none-eabi-10.3-2021.10/bin/../lib/gcc/arm-none-eabi/10.3.1/thumb/v7e-m/nofp/crtbegin.o
 .text          0x080001c8       0x30 d:/stm/stm32_clion/gcc-arm-none-eabi-10.3-2021.10/bin/../lib/gcc/arm-none-eabi/10.3.1/thumb/v7e-m/nofp\libgcc.a(_aeabi_uldivmod.o)
                0x080001c8                __aeabi_uldivmod
 .text          0x080001f8      0x2d0 d:/stm/stm32_clion/gcc-arm-none-eabi-10.3-2021.10/bin/../lib/gcc/arm-none-eabi/10.3.1/thumb/v7e-m/nofp\libgcc.a(_udivmoddi4.o)
                0x080001f8                __udivmoddi4
 .text          0x080004c8        0x4 d:/stm/stm32_clion/gcc-arm-none-eabi-10.3-2021.10/bin/../lib/gcc/arm-none-eabi/10.3.1/thumb/v7e-m/nofp\libgcc.a(_dvmd_tls.o)
                0x080004c8                __aeabi_idiv0
                0x080004c8                __aeabi_ldiv0
 *(.text*)
 .text.MX_DMA_Init
                0x080004cc       0x34 CMakeFiles/camera.elf.dir/Core/Src/dma.c.obj
                0x080004cc                MX_DMA_Init
 .text.DMA_NVIC_Init
                0x08000500       0x14 CMakeFiles/camera.elf.dir/Core/Src/dma.c.obj
                0x08000500                DMA_NVIC_Init
 .text.MX_GPIO_Init
                0x08000514      0x160 CMakeFiles/camera.elf.dir/Core/Src/gpio.c.obj
                0x08000514                MX_GPIO_Init
 .text.GPIO_NVIC_Init
                0x08000674       0x14 CMakeFiles/camera.elf.dir/Core/Src/gpio.c.obj
                0x08000674                GPIO_NVIC_Init
 .text.LCD_Test_Clear
                0x08000688       0xdc CMakeFiles/camera.elf.dir/Core/Src/main.c.obj
                0x08000688                LCD_Test_Clear
 .text.Error_Handler
                0x08000764        0x4 CMakeFiles/camera.elf.dir/Core/Src/main.c.obj
                0x08000764                Error_Handler
 .text.SystemClock_Config
                0x08000768       0xa4 CMakeFiles/camera.elf.dir/Core/Src/main.c.obj
                0x08000768                SystemClock_Config
 .text.main     0x0800080c       0x40 CMakeFiles/camera.elf.dir/Core/Src/main.c.obj
                0x0800080c                main
 .text.MX_SPI3_Init
                0x0800084c       0x40 CMakeFiles/camera.elf.dir/Core/Src/spi.c.obj
                0x0800084c                MX_SPI3_Init
 .text.HAL_SPI_MspInit
                0x0800088c       0x70 CMakeFiles/camera.elf.dir/Core/Src/spi.c.obj
                0x0800088c                HAL_SPI_MspInit
 .text.HAL_MspInit
                0x080008fc       0x38 CMakeFiles/camera.elf.dir/Core/Src/stm32f4xx_hal_msp.c.obj
                0x080008fc                HAL_MspInit
 .text.NMI_Handler
                0x08000934        0x2 CMakeFiles/camera.elf.dir/Core/Src/stm32f4xx_it.c.obj
                0x08000934                NMI_Handler
 .text.HardFault_Handler
                0x08000936        0x2 CMakeFiles/camera.elf.dir/Core/Src/stm32f4xx_it.c.obj
                0x08000936                HardFault_Handler
 .text.MemManage_Handler
                0x08000938        0x2 CMakeFiles/camera.elf.dir/Core/Src/stm32f4xx_it.c.obj
                0x08000938                MemManage_Handler
 .text.BusFault_Handler
                0x0800093a        0x2 CMakeFiles/camera.elf.dir/Core/Src/stm32f4xx_it.c.obj
                0x0800093a                BusFault_Handler
 .text.UsageFault_Handler
                0x0800093c        0x2 CMakeFiles/camera.elf.dir/Core/Src/stm32f4xx_it.c.obj
                0x0800093c                UsageFault_Handler
 .text.SVC_Handler
                0x0800093e        0x2 CMakeFiles/camera.elf.dir/Core/Src/stm32f4xx_it.c.obj
                0x0800093e                SVC_Handler
 .text.DebugMon_Handler
                0x08000940        0x2 CMakeFiles/camera.elf.dir/Core/Src/stm32f4xx_it.c.obj
                0x08000940                DebugMon_Handler
 .text.PendSV_Handler
                0x08000942        0x2 CMakeFiles/camera.elf.dir/Core/Src/stm32f4xx_it.c.obj
                0x08000942                PendSV_Handler
 .text.SysTick_Handler
                0x08000944        0x8 CMakeFiles/camera.elf.dir/Core/Src/stm32f4xx_it.c.obj
                0x08000944                SysTick_Handler
 .text.EXTI4_IRQHandler
                0x0800094c        0xa CMakeFiles/camera.elf.dir/Core/Src/stm32f4xx_it.c.obj
                0x0800094c                EXTI4_IRQHandler
 *fill*         0x08000956        0x2 
 .text.DMA2_Stream7_IRQHandler
                0x08000958       0x10 CMakeFiles/camera.elf.dir/Core/Src/stm32f4xx_it.c.obj
                0x08000958                DMA2_Stream7_IRQHandler
 .text.SystemInit
                0x08000968        0x2 CMakeFiles/camera.elf.dir/Core/Src/system_stm32f4xx.c.obj
                0x08000968                SystemInit
 *fill*         0x0800096a        0x2 
 .text.MX_TIM8_Init
                0x0800096c       0x80 CMakeFiles/camera.elf.dir/Core/Src/tim.c.obj
                0x0800096c                MX_TIM8_Init
 .text.HAL_TIM_Base_MspInit
                0x080009ec       0xb4 CMakeFiles/camera.elf.dir/Core/Src/tim.c.obj
                0x080009ec                HAL_TIM_Base_MspInit
 .text.MX_USART1_UART_Init
                0x08000aa0       0x34 CMakeFiles/camera.elf.dir/Core/Src/usart.c.obj
                0x08000aa0                MX_USART1_UART_Init
 .text.HAL_UART_MspInit
                0x08000ad4       0x74 CMakeFiles/camera.elf.dir/Core/Src/usart.c.obj
                0x08000ad4                HAL_UART_MspInit
 .text.Reset_Handler
                0x08000b48       0x50 CMakeFiles/camera.elf.dir/Core/Startup/startup_stm32f407vetx.s.obj
                0x08000b48                Reset_Handler
 .text.Default_Handler
                0x08000b98        0x2 CMakeFiles/camera.elf.dir/Core/Startup/startup_stm32f407vetx.s.obj
                0x08000b98                RTC_Alarm_IRQHandler
                0x08000b98                HASH_RNG_IRQHandler
                0x08000b98                EXTI2_IRQHandler
                0x08000b98                TIM8_CC_IRQHandler
                0x08000b98                TIM1_CC_IRQHandler
                0x08000b98                DMA2_Stream5_IRQHandler
                0x08000b98                DMA1_Stream5_IRQHandler
                0x08000b98                PVD_IRQHandler
                0x08000b98                SDIO_IRQHandler
                0x08000b98                TAMP_STAMP_IRQHandler
                0x08000b98                CAN2_RX1_IRQHandler
                0x08000b98                EXTI3_IRQHandler
                0x08000b98                TIM8_TRG_COM_TIM14_IRQHandler
                0x08000b98                TIM1_UP_TIM10_IRQHandler
                0x08000b98                TIM8_UP_TIM13_IRQHandler
                0x08000b98                I2C3_ER_IRQHandler
                0x08000b98                EXTI0_IRQHandler
                0x08000b98                I2C2_EV_IRQHandler
                0x08000b98                DMA1_Stream2_IRQHandler
                0x08000b98                CAN1_RX0_IRQHandler
                0x08000b98                FPU_IRQHandler
                0x08000b98                OTG_HS_WKUP_IRQHandler
                0x08000b98                CAN2_SCE_IRQHandler
                0x08000b98                DMA2_Stream2_IRQHandler
                0x08000b98                SPI1_IRQHandler
                0x08000b98                TIM6_DAC_IRQHandler
                0x08000b98                TIM1_BRK_TIM9_IRQHandler
                0x08000b98                DCMI_IRQHandler
                0x08000b98                CAN2_RX0_IRQHandler
                0x08000b98                DMA2_Stream3_IRQHandler
                0x08000b98                USART6_IRQHandler
                0x08000b98                USART3_IRQHandler
                0x08000b98                CAN1_RX1_IRQHandler
                0x08000b98                UART5_IRQHandler
                0x08000b98                DMA2_Stream0_IRQHandler
                0x08000b98                TIM4_IRQHandler
                0x08000b98                I2C1_EV_IRQHandler
                0x08000b98                DMA1_Stream6_IRQHandler
                0x08000b98                DMA1_Stream1_IRQHandler
                0x08000b98                UART4_IRQHandler
                0x08000b98                TIM3_IRQHandler
                0x08000b98                RCC_IRQHandler
                0x08000b98                TIM8_BRK_TIM12_IRQHandler
                0x08000b98                Default_Handler
                0x08000b98                EXTI15_10_IRQHandler
                0x08000b98                ADC_IRQHandler
                0x08000b98                DMA1_Stream7_IRQHandler
                0x08000b98                TIM7_IRQHandler
                0x08000b98                CAN2_TX_IRQHandler
                0x08000b98                TIM5_IRQHandler
                0x08000b98                I2C3_EV_IRQHandler
                0x08000b98                EXTI9_5_IRQHandler
                0x08000b98                RTC_WKUP_IRQHandler
                0x08000b98                ETH_WKUP_IRQHandler
                0x08000b98                SPI2_IRQHandler
                0x08000b98                OTG_HS_EP1_IN_IRQHandler
                0x08000b98                DMA1_Stream0_IRQHandler
                0x08000b98                CAN1_TX_IRQHandler
                0x08000b98                FSMC_IRQHandler
                0x08000b98                ETH_IRQHandler
                0x08000b98                OTG_HS_EP1_OUT_IRQHandler
                0x08000b98                WWDG_IRQHandler
                0x08000b98                TIM2_IRQHandler
                0x08000b98                OTG_FS_WKUP_IRQHandler
                0x08000b98                TIM1_TRG_COM_TIM11_IRQHandler
                0x08000b98                OTG_HS_IRQHandler
                0x08000b98                EXTI1_IRQHandler
                0x08000b98                USART2_IRQHandler
                0x08000b98                I2C2_ER_IRQHandler
                0x08000b98                DMA2_Stream1_IRQHandler
                0x08000b98                CAN1_SCE_IRQHandler
                0x08000b98                FLASH_IRQHandler
                0x08000b98                DMA2_Stream4_IRQHandler
                0x08000b98                USART1_IRQHandler
                0x08000b98                OTG_FS_IRQHandler
                0x08000b98                SPI3_IRQHandler
                0x08000b98                DMA1_Stream4_IRQHandler
                0x08000b98                I2C1_ER_IRQHandler
                0x08000b98                DMA2_Stream6_IRQHandler
                0x08000b98                DMA1_Stream3_IRQHandler
 *fill*         0x08000b9a        0x2 
 .text.DMA_transfer_complete_callback
                0x08000b9c       0x1c CMakeFiles/camera.elf.dir/Core/modules/SEEKFREE_7725.c.obj
                0x08000b9c                DMA_transfer_complete_callback
 .text.ov7725_reg_init
                0x08000bb8      0x238 CMakeFiles/camera.elf.dir/Core/modules/SEEKFREE_7725.c.obj
                0x08000bb8                ov7725_reg_init
 .text.HAL_GPIO_EXTI_Callback
                0x08000df0       0x30 CMakeFiles/camera.elf.dir/Core/modules/SEEKFREE_7725.c.obj
                0x08000df0                HAL_GPIO_EXTI_Callback
 .text.ov7725_port_init
                0x08000e20       0x48 CMakeFiles/camera.elf.dir/Core/modules/SEEKFREE_7725.c.obj
                0x08000e20                ov7725_port_init
 .text.put_char
                0x08000e68        0xe CMakeFiles/camera.elf.dir/Core/modules/SEEKFREE_7725.c.obj
                0x08000e68                put_char
 *fill*         0x08000e76        0x2 
 .text.ov7725_init
                0x08000e78       0x20 CMakeFiles/camera.elf.dir/Core/modules/SEEKFREE_7725.c.obj
                0x08000e78                ov7725_init
 .text.sccb_waitack
                0x08000e98       0x48 CMakeFiles/camera.elf.dir/Core/modules/SEEKFREE_IIC.c.obj
 .text.simiic_start
                0x08000ee0       0x3c CMakeFiles/camera.elf.dir/Core/modules/SEEKFREE_IIC.c.obj
                0x08000ee0                simiic_start
 .text.simiic_stop
                0x08000f1c       0x3c CMakeFiles/camera.elf.dir/Core/modules/SEEKFREE_IIC.c.obj
                0x08000f1c                simiic_stop
 .text.simiic_sendack
                0x08000f58       0x4c CMakeFiles/camera.elf.dir/Core/modules/SEEKFREE_IIC.c.obj
                0x08000f58                simiic_sendack
 .text.send_ch  0x08000fa4       0x58 CMakeFiles/camera.elf.dir/Core/modules/SEEKFREE_IIC.c.obj
                0x08000fa4                send_ch
 .text.read_ch  0x08000ffc       0x74 CMakeFiles/camera.elf.dir/Core/modules/SEEKFREE_IIC.c.obj
                0x08000ffc                read_ch
 .text.simiic_write_reg
                0x08001070       0x28 CMakeFiles/camera.elf.dir/Core/modules/SEEKFREE_IIC.c.obj
                0x08001070                simiic_write_reg
 .text.simiic_read_reg
                0x08001098       0x46 CMakeFiles/camera.elf.dir/Core/modules/SEEKFREE_IIC.c.obj
                0x08001098                simiic_read_reg
 *fill*         0x080010de        0x2 
 .text.LCD_WriteCommand
                0x080010e0       0x48 CMakeFiles/camera.elf.dir/Core/modules/lcd_spi_200.c.obj
                0x080010e0                LCD_WriteCommand
 .text.LCD_WriteData_16bit
                0x08001128       0x20 CMakeFiles/camera.elf.dir/Core/modules/lcd_spi_200.c.obj
                0x08001128                LCD_WriteData_16bit
 .text.LCD_WriteBuff
                0x08001148       0x94 CMakeFiles/camera.elf.dir/Core/modules/lcd_spi_200.c.obj
                0x08001148                LCD_WriteBuff
 .text.LCD_SetAddress
                0x080011dc       0x78 CMakeFiles/camera.elf.dir/Core/modules/lcd_spi_200.c.obj
                0x080011dc                LCD_SetAddress
 .text.LCD_SetColor
                0x08001254       0x24 CMakeFiles/camera.elf.dir/Core/modules/lcd_spi_200.c.obj
                0x08001254                LCD_SetColor
 .text.LCD_SetBackColor
                0x08001278       0x24 CMakeFiles/camera.elf.dir/Core/modules/lcd_spi_200.c.obj
                0x08001278                LCD_SetBackColor
 .text.LCD_Clear
                0x0800129c       0xb4 CMakeFiles/camera.elf.dir/Core/modules/lcd_spi_200.c.obj
                0x0800129c                LCD_Clear
 .text.LCD_DisplayChar
                0x08001350       0xbc CMakeFiles/camera.elf.dir/Core/modules/lcd_spi_200.c.obj
                0x08001350                LCD_DisplayChar
 .text.LCD_SetTextFont
                0x0800140c       0x6c CMakeFiles/camera.elf.dir/Core/modules/lcd_spi_200.c.obj
                0x0800140c                LCD_SetTextFont
 .text.LCD_DisplayChinese
                0x08001478       0xe0 CMakeFiles/camera.elf.dir/Core/modules/lcd_spi_200.c.obj
                0x08001478                LCD_DisplayChinese
 .text.LCD_DisplayText
                0x08001558       0x4c CMakeFiles/camera.elf.dir/Core/modules/lcd_spi_200.c.obj
                0x08001558                LCD_DisplayText
 .text.HAL_InitTick
                0x080015a4       0x4c CMakeFiles/camera.elf.dir/Drivers/STM32F4xx_HAL_Driver/Src/stm32f4xx_hal.c.obj
                0x080015a4                HAL_InitTick
 .text.HAL_Init
                0x080015f0       0x34 CMakeFiles/camera.elf.dir/Drivers/STM32F4xx_HAL_Driver/Src/stm32f4xx_hal.c.obj
                0x080015f0                HAL_Init
 .text.HAL_IncTick
                0x08001624       0x18 CMakeFiles/camera.elf.dir/Drivers/STM32F4xx_HAL_Driver/Src/stm32f4xx_hal.c.obj
                0x08001624                HAL_IncTick
 .text.HAL_GetTick
                0x0800163c        0xc CMakeFiles/camera.elf.dir/Drivers/STM32F4xx_HAL_Driver/Src/stm32f4xx_hal.c.obj
                0x0800163c                HAL_GetTick
 .text.HAL_Delay
                0x08001648       0x28 CMakeFiles/camera.elf.dir/Drivers/STM32F4xx_HAL_Driver/Src/stm32f4xx_hal.c.obj
                0x08001648                HAL_Delay
 .text.HAL_NVIC_SetPriorityGrouping
                0x08001670       0x24 CMakeFiles/camera.elf.dir/Drivers/STM32F4xx_HAL_Driver/Src/stm32f4xx_hal_cortex.c.obj
                0x08001670                HAL_NVIC_SetPriorityGrouping
 .text.HAL_NVIC_SetPriority
                0x08001694       0x70 CMakeFiles/camera.elf.dir/Drivers/STM32F4xx_HAL_Driver/Src/stm32f4xx_hal_cortex.c.obj
                0x08001694                HAL_NVIC_SetPriority
 .text.HAL_NVIC_EnableIRQ
                0x08001704       0x1c CMakeFiles/camera.elf.dir/Drivers/STM32F4xx_HAL_Driver/Src/stm32f4xx_hal_cortex.c.obj
                0x08001704                HAL_NVIC_EnableIRQ
 .text.HAL_SYSTICK_Config
                0x08001720       0x28 CMakeFiles/camera.elf.dir/Drivers/STM32F4xx_HAL_Driver/Src/stm32f4xx_hal_cortex.c.obj
                0x08001720                HAL_SYSTICK_Config
 .text.DMA_SetConfig
                0x08001748       0x2c CMakeFiles/camera.elf.dir/Drivers/STM32F4xx_HAL_Driver/Src/stm32f4xx_hal_dma.c.obj
 .text.DMA_CalcBaseAndBitshift
                0x08001774       0x40 CMakeFiles/camera.elf.dir/Drivers/STM32F4xx_HAL_Driver/Src/stm32f4xx_hal_dma.c.obj
 .text.DMA_CheckFifoParam
                0x080017b4       0x8e CMakeFiles/camera.elf.dir/Drivers/STM32F4xx_HAL_Driver/Src/stm32f4xx_hal_dma.c.obj
 *fill*         0x08001842        0x2 
 .text.HAL_DMA_Init
                0x08001844       0xcc CMakeFiles/camera.elf.dir/Drivers/STM32F4xx_HAL_Driver/Src/stm32f4xx_hal_dma.c.obj
                0x08001844                HAL_DMA_Init
 .text.HAL_DMA_Start_IT
                0x08001910       0x6a CMakeFiles/camera.elf.dir/Drivers/STM32F4xx_HAL_Driver/Src/stm32f4xx_hal_dma.c.obj
                0x08001910                HAL_DMA_Start_IT
 .text.HAL_DMA_Abort_IT
                0x0800197a       0x26 CMakeFiles/camera.elf.dir/Drivers/STM32F4xx_HAL_Driver/Src/stm32f4xx_hal_dma.c.obj
                0x0800197a                HAL_DMA_Abort_IT
 .text.HAL_DMA_IRQHandler
                0x080019a0      0x1dc CMakeFiles/camera.elf.dir/Drivers/STM32F4xx_HAL_Driver/Src/stm32f4xx_hal_dma.c.obj
                0x080019a0                HAL_DMA_IRQHandler
 .text.HAL_DMA_RegisterCallback
                0x08001b7c       0x5a CMakeFiles/camera.elf.dir/Drivers/STM32F4xx_HAL_Driver/Src/stm32f4xx_hal_dma.c.obj
                0x08001b7c                HAL_DMA_RegisterCallback
 *fill*         0x08001bd6        0x2 
 .text.HAL_GPIO_Init
                0x08001bd8      0x1e4 CMakeFiles/camera.elf.dir/Drivers/STM32F4xx_HAL_Driver/Src/stm32f4xx_hal_gpio.c.obj
                0x08001bd8                HAL_GPIO_Init
 .text.HAL_GPIO_WritePin
                0x08001dbc        0xc CMakeFiles/camera.elf.dir/Drivers/STM32F4xx_HAL_Driver/Src/stm32f4xx_hal_gpio.c.obj
                0x08001dbc                HAL_GPIO_WritePin
 .text.HAL_GPIO_EXTI_IRQHandler
                0x08001dc8       0x1c CMakeFiles/camera.elf.dir/Drivers/STM32F4xx_HAL_Driver/Src/stm32f4xx_hal_gpio.c.obj
                0x08001dc8                HAL_GPIO_EXTI_IRQHandler
 .text.HAL_RCC_OscConfig
                0x08001de4      0x3f8 CMakeFiles/camera.elf.dir/Drivers/STM32F4xx_HAL_Driver/Src/stm32f4xx_hal_rcc.c.obj
                0x08001de4                HAL_RCC_OscConfig
 .text.HAL_RCC_GetSysClockFreq
                0x080021dc       0xa4 CMakeFiles/camera.elf.dir/Drivers/STM32F4xx_HAL_Driver/Src/stm32f4xx_hal_rcc.c.obj
                0x080021dc                HAL_RCC_GetSysClockFreq
 .text.HAL_RCC_ClockConfig
                0x08002280      0x160 CMakeFiles/camera.elf.dir/Drivers/STM32F4xx_HAL_Driver/Src/stm32f4xx_hal_rcc.c.obj
                0x08002280                HAL_RCC_ClockConfig
 .text.HAL_RCC_GetHCLKFreq
                0x080023e0        0xc CMakeFiles/camera.elf.dir/Drivers/STM32F4xx_HAL_Driver/Src/stm32f4xx_hal_rcc.c.obj
                0x080023e0                HAL_RCC_GetHCLKFreq
 .text.HAL_RCC_GetPCLK1Freq
                0x080023ec       0x20 CMakeFiles/camera.elf.dir/Drivers/STM32F4xx_HAL_Driver/Src/stm32f4xx_hal_rcc.c.obj
                0x080023ec                HAL_RCC_GetPCLK1Freq
 .text.HAL_RCC_GetPCLK2Freq
                0x0800240c       0x20 CMakeFiles/camera.elf.dir/Drivers/STM32F4xx_HAL_Driver/Src/stm32f4xx_hal_rcc.c.obj
                0x0800240c                HAL_RCC_GetPCLK2Freq
 .text.HAL_SPI_Init
                0x0800242c       0xbe CMakeFiles/camera.elf.dir/Drivers/STM32F4xx_HAL_Driver/Src/stm32f4xx_hal_spi.c.obj
                0x0800242c                HAL_SPI_Init
 .text.TIM_TI1_ConfigInputStage
                0x080024ea       0x24 CMakeFiles/camera.elf.dir/Drivers/STM32F4xx_HAL_Driver/Src/stm32f4xx_hal_tim.c.obj
 .text.TIM_TI2_ConfigInputStage
                0x0800250e       0x26 CMakeFiles/camera.elf.dir/Drivers/STM32F4xx_HAL_Driver/Src/stm32f4xx_hal_tim.c.obj
 .text.TIM_Base_SetConfig
                0x08002534       0xd8 CMakeFiles/camera.elf.dir/Drivers/STM32F4xx_HAL_Driver/Src/stm32f4xx_hal_tim.c.obj
                0x08002534                TIM_Base_SetConfig
 .text.HAL_TIM_Base_Init
                0x0800260c       0x58 CMakeFiles/camera.elf.dir/Drivers/STM32F4xx_HAL_Driver/Src/stm32f4xx_hal_tim.c.obj
                0x0800260c                HAL_TIM_Base_Init
 .text.TIM_ETR_SetConfig
                0x08002664       0x18 CMakeFiles/camera.elf.dir/Drivers/STM32F4xx_HAL_Driver/Src/stm32f4xx_hal_tim.c.obj
                0x08002664                TIM_ETR_SetConfig
 .text.TIM_SlaveTimer_SetConfig
                0x0800267c       0xb8 CMakeFiles/camera.elf.dir/Drivers/STM32F4xx_HAL_Driver/Src/stm32f4xx_hal_tim.c.obj
 .text.HAL_TIM_SlaveConfigSynchro
                0x08002734       0x52 CMakeFiles/camera.elf.dir/Drivers/STM32F4xx_HAL_Driver/Src/stm32f4xx_hal_tim.c.obj
                0x08002734                HAL_TIM_SlaveConfigSynchro
 *fill*         0x08002786        0x2 
 .text.HAL_TIMEx_MasterConfigSynchronization
                0x08002788       0x8c CMakeFiles/camera.elf.dir/Drivers/STM32F4xx_HAL_Driver/Src/stm32f4xx_hal_tim_ex.c.obj
                0x08002788                HAL_TIMEx_MasterConfigSynchronization
 .text.UART_SetConfig
                0x08002814      0x110 CMakeFiles/camera.elf.dir/Drivers/STM32F4xx_HAL_Driver/Src/stm32f4xx_hal_uart.c.obj
 .text.HAL_UART_Init
                0x08002924       0x60 CMakeFiles/camera.elf.dir/Drivers/STM32F4xx_HAL_Driver/Src/stm32f4xx_hal_uart.c.obj
                0x08002924                HAL_UART_Init
 .text.__libc_init_array
                0x08002984       0x48 d:/stm/stm32_clion/gcc-arm-none-eabi-10.3-2021.10/bin/../lib/gcc/arm-none-eabi/10.3.1/../../../../arm-none-eabi/lib/thumb/v7e-m/nofp\libg.a(lib_a-init.o)
                0x08002984                __libc_init_array
 .text.memset   0x080029cc       0xa4 d:/stm/stm32_clion/gcc-arm-none-eabi-10.3-2021.10/bin/../lib/gcc/arm-none-eabi/10.3.1/../../../../arm-none-eabi/lib/thumb/v7e-m/nofp\libg.a(lib_a-memset.o)
                0x080029cc                memset
 .text.startup.register_fini
                0x08002a70       0x14 d:/stm/stm32_clion/gcc-arm-none-eabi-10.3-2021.10/bin/../lib/gcc/arm-none-eabi/10.3.1/../../../../arm-none-eabi/lib/thumb/v7e-m/nofp\libg.a(lib_a-__call_atexit.o)
 .text.atexit   0x08002a84        0xc d:/stm/stm32_clion/gcc-arm-none-eabi-10.3-2021.10/bin/../lib/gcc/arm-none-eabi/10.3.1/../../../../arm-none-eabi/lib/thumb/v7e-m/nofp\libg.a(lib_a-atexit.o)
                0x08002a84                atexit
 .text.__libc_fini_array
                0x08002a90       0x2c d:/stm/stm32_clion/gcc-arm-none-eabi-10.3-2021.10/bin/../lib/gcc/arm-none-eabi/10.3.1/../../../../arm-none-eabi/lib/thumb/v7e-m/nofp\libg.a(lib_a-fini.o)
                0x08002a90                __libc_fini_array
 .text.__retarget_lock_acquire_recursive
                0x08002abc        0x4 d:/stm/stm32_clion/gcc-arm-none-eabi-10.3-2021.10/bin/../lib/gcc/arm-none-eabi/10.3.1/../../../../arm-none-eabi/lib/thumb/v7e-m/nofp\libg.a(lib_a-lock.o)
                0x08002abc                __retarget_lock_acquire_recursive
 .text.__retarget_lock_release_recursive
                0x08002ac0        0x4 d:/stm/stm32_clion/gcc-arm-none-eabi-10.3-2021.10/bin/../lib/gcc/arm-none-eabi/10.3.1/../../../../arm-none-eabi/lib/thumb/v7e-m/nofp\libg.a(lib_a-lock.o)
                0x08002ac0                __retarget_lock_release_recursive
 .text.__register_exitproc
                0x08002ac4       0x8c d:/stm/stm32_clion/gcc-arm-none-eabi-10.3-2021.10/bin/../lib/gcc/arm-none-eabi/10.3.1/../../../../arm-none-eabi/lib/thumb/v7e-m/nofp\libg.a(lib_a-__atexit.o)
                0x08002ac4                __register_exitproc
 *(.glue_7)
 .glue_7        0x08002b50        0x0 linker stubs
 *(.glue_7t)
 .glue_7t       0x08002b50        0x0 linker stubs
 *(.eh_frame)
 .eh_frame      0x08002b50        0x0 d:/stm/stm32_clion/gcc-arm-none-eabi-10.3-2021.10/bin/../lib/gcc/arm-none-eabi/10.3.1/thumb/v7e-m/nofp/crtbegin.o
 *(.init)
 .init          0x08002b50        0x4 d:/stm/stm32_clion/gcc-arm-none-eabi-10.3-2021.10/bin/../lib/gcc/arm-none-eabi/10.3.1/thumb/v7e-m/nofp/crti.o
                0x08002b50                _init
 .init          0x08002b54        0x8 d:/stm/stm32_clion/gcc-arm-none-eabi-10.3-2021.10/bin/../lib/gcc/arm-none-eabi/10.3.1/thumb/v7e-m/nofp/crtn.o
 *(.fini)
 .fini          0x08002b5c        0x4 d:/stm/stm32_clion/gcc-arm-none-eabi-10.3-2021.10/bin/../lib/gcc/arm-none-eabi/10.3.1/thumb/v7e-m/nofp/crti.o
                0x08002b5c                _fini
 .fini          0x08002b60        0x8 d:/stm/stm32_clion/gcc-arm-none-eabi-10.3-2021.10/bin/../lib/gcc/arm-none-eabi/10.3.1/thumb/v7e-m/nofp/crtn.o
                0x08002b68                . = ALIGN (0x4)
                0x08002b68                _etext = .

.vfp11_veneer   0x08002b68        0x0
 .vfp11_veneer  0x08002b68        0x0 linker stubs

.v4_bx          0x08002b68        0x0
 .v4_bx         0x08002b68        0x0 linker stubs

.iplt           0x08002b68        0x0
 .iplt          0x08002b68        0x0 d:/stm/stm32_clion/gcc-arm-none-eabi-10.3-2021.10/bin/../lib/gcc/arm-none-eabi/10.3.1/thumb/v7e-m/nofp/crtbegin.o

.rodata         0x08002b68     0x5578
                0x08002b68                . = ALIGN (0x4)
 *(.rodata)
 *(.rodata*)
 .rodata.LCD_Test_Clear.str1.4
                0x08002b68       0x3d CMakeFiles/camera.elf.dir/Core/Src/main.c.obj
 *fill*         0x08002ba5        0x3 
 .rodata.AHBPrescTable
                0x08002ba8       0x10 CMakeFiles/camera.elf.dir/Core/Src/system_stm32f4xx.c.obj
                0x08002ba8                AHBPrescTable
 .rodata.APBPrescTable
                0x08002bb8        0x8 CMakeFiles/camera.elf.dir/Core/Src/system_stm32f4xx.c.obj
                0x08002bb8                APBPrescTable
 .rodata.ASCII_1206_Table
                0x08002bc0      0x474 CMakeFiles/camera.elf.dir/Core/modules/lcd_fonts.c.obj
                0x08002bc0                ASCII_1206_Table
 .rodata.ASCII_1608_Table
                0x08003034      0x5f0 CMakeFiles/camera.elf.dir/Core/modules/lcd_fonts.c.obj
                0x08003034                ASCII_1608_Table
 .rodata.ASCII_2010_Table
                0x08003624      0xed8 CMakeFiles/camera.elf.dir/Core/modules/lcd_fonts.c.obj
                0x08003624                ASCII_2010_Table
 .rodata.ASCII_2412_Table
                0x080044fc     0x11d0 CMakeFiles/camera.elf.dir/Core/modules/lcd_fonts.c.obj
                0x080044fc                ASCII_2412_Table
 .rodata.ASCII_3216_Table
                0x080056cc     0x17c0 CMakeFiles/camera.elf.dir/Core/modules/lcd_fonts.c.obj
                0x080056cc                ASCII_3216_Table
 .rodata.Chinese_2424
                0x08006e8c     0x1248 CMakeFiles/camera.elf.dir/Core/modules/lcd_fonts.c.obj
                0x08006e8c                Chinese_2424
 .rodata.flagBitshiftOffset.0
                0x080080d4        0x8 CMakeFiles/camera.elf.dir/Drivers/STM32F4xx_HAL_Driver/Src/stm32f4xx_hal_dma.c.obj
 .rodata._global_impure_ptr
                0x080080dc        0x4 d:/stm/stm32_clion/gcc-arm-none-eabi-10.3-2021.10/bin/../lib/gcc/arm-none-eabi/10.3.1/../../../../arm-none-eabi/lib/thumb/v7e-m/nofp\libg.a(lib_a-impure.o)
                0x080080dc                _global_impure_ptr
                0x080080e0                . = ALIGN (0x4)

.ARM.extab      0x080080e0        0x0
                0x080080e0                . = ALIGN (0x4)
 *(.ARM.extab* .gnu.linkonce.armextab.*)
                0x080080e0                . = ALIGN (0x4)

.ARM            0x080080e0        0x8
                0x080080e0                . = ALIGN (0x4)
                0x080080e0                __exidx_start = .
 *(.ARM.exidx*)
 .ARM.exidx     0x080080e0        0x8 d:/stm/stm32_clion/gcc-arm-none-eabi-10.3-2021.10/bin/../lib/gcc/arm-none-eabi/10.3.1/thumb/v7e-m/nofp\libgcc.a(_udivmoddi4.o)
                0x080080e8                __exidx_end = .
                0x080080e8                . = ALIGN (0x4)

.rel.dyn        0x080080e8        0x0
 .rel.iplt      0x080080e8        0x0 d:/stm/stm32_clion/gcc-arm-none-eabi-10.3-2021.10/bin/../lib/gcc/arm-none-eabi/10.3.1/thumb/v7e-m/nofp/crtbegin.o

.preinit_array  0x080080e8        0x0
                0x080080e8                . = ALIGN (0x4)
                0x080080e8                PROVIDE (__preinit_array_start = .)
 *(.preinit_array*)
                0x080080e8                PROVIDE (__preinit_array_end = .)
                0x080080e8                . = ALIGN (0x4)

.init_array     0x080080e8        0x8
                0x080080e8                . = ALIGN (0x4)
                0x080080e8                PROVIDE (__init_array_start = .)
 *(SORT_BY_NAME(.init_array.*))
 .init_array.00000
                0x080080e8        0x4 d:/stm/stm32_clion/gcc-arm-none-eabi-10.3-2021.10/bin/../lib/gcc/arm-none-eabi/10.3.1/../../../../arm-none-eabi/lib/thumb/v7e-m/nofp\libg.a(lib_a-__call_atexit.o)
 *(.init_array*)
 .init_array    0x080080ec        0x4 d:/stm/stm32_clion/gcc-arm-none-eabi-10.3-2021.10/bin/../lib/gcc/arm-none-eabi/10.3.1/thumb/v7e-m/nofp/crtbegin.o
                0x080080f0                PROVIDE (__init_array_end = .)
                0x080080f0                . = ALIGN (0x4)

.fini_array     0x080080f0        0x4
                0x080080f0                . = ALIGN (0x4)
                0x080080f0                PROVIDE (__fini_array_start = .)
 *(SORT_BY_NAME(.fini_array.*))
 *(.fini_array*)
 .fini_array    0x080080f0        0x4 d:/stm/stm32_clion/gcc-arm-none-eabi-10.3-2021.10/bin/../lib/gcc/arm-none-eabi/10.3.1/thumb/v7e-m/nofp/crtbegin.o
                0x080080f4                PROVIDE (__fini_array_end = .)
                0x080080f4                . = ALIGN (0x4)
                0x080080f4                _sidata = LOADADDR (.data)

.data           0x20000000      0x484 load address 0x080080f4
                0x20000000                . = ALIGN (0x4)
                0x20000000                _sdata = .
 *(.data)
 *(.data*)
 .data.SystemCoreClock
                0x20000000        0x4 CMakeFiles/camera.elf.dir/Core/Src/system_stm32f4xx.c.obj
                0x20000000                SystemCoreClock
 .data.ASCII_Font12
                0x20000004        0xc CMakeFiles/camera.elf.dir/Core/modules/lcd_fonts.c.obj
                0x20000004                ASCII_Font12
 .data.ASCII_Font16
                0x20000010        0xc CMakeFiles/camera.elf.dir/Core/modules/lcd_fonts.c.obj
                0x20000010                ASCII_Font16
 .data.ASCII_Font20
                0x2000001c        0xc CMakeFiles/camera.elf.dir/Core/modules/lcd_fonts.c.obj
                0x2000001c                ASCII_Font20
 .data.ASCII_Font24
                0x20000028        0xc CMakeFiles/camera.elf.dir/Core/modules/lcd_fonts.c.obj
                0x20000028                ASCII_Font24
 .data.ASCII_Font32
                0x20000034        0xc CMakeFiles/camera.elf.dir/Core/modules/lcd_fonts.c.obj
                0x20000034                ASCII_Font32
 .data.CH_Font24
                0x20000040        0xc CMakeFiles/camera.elf.dir/Core/modules/lcd_fonts.c.obj
                0x20000040                CH_Font24
 .data.uwTickFreq
                0x2000004c        0x1 CMakeFiles/camera.elf.dir/Drivers/STM32F4xx_HAL_Driver/Src/stm32f4xx_hal.c.obj
                0x2000004c                uwTickFreq
 *fill*         0x2000004d        0x3 
 .data.uwTickPrio
                0x20000050        0x4 CMakeFiles/camera.elf.dir/Drivers/STM32F4xx_HAL_Driver/Src/stm32f4xx_hal.c.obj
                0x20000050                uwTickPrio
 *fill*         0x20000054        0x4 
 .data.impure_data
                0x20000058      0x428 d:/stm/stm32_clion/gcc-arm-none-eabi-10.3-2021.10/bin/../lib/gcc/arm-none-eabi/10.3.1/../../../../arm-none-eabi/lib/thumb/v7e-m/nofp\libg.a(lib_a-impure.o)
 .data.__atexit_recursive_mutex
                0x20000480        0x4 d:/stm/stm32_clion/gcc-arm-none-eabi-10.3-2021.10/bin/../lib/gcc/arm-none-eabi/10.3.1/../../../../arm-none-eabi/lib/thumb/v7e-m/nofp\libg.a(lib_a-__call_atexit.o)
                0x20000480                __atexit_recursive_mutex
 *(.RamFunc)
 *(.RamFunc*)
                0x20000484                . = ALIGN (0x4)
                0x20000484                _edata = .
                0x08008578                _siccmram = LOADADDR (.ccmram)

.igot.plt       0x20000484        0x0 load address 0x08008578
 .igot.plt      0x20000484        0x0 d:/stm/stm32_clion/gcc-arm-none-eabi-10.3-2021.10/bin/../lib/gcc/arm-none-eabi/10.3.1/thumb/v7e-m/nofp/crtbegin.o

.ccmram         0x10000000        0x0 load address 0x08008578
                0x10000000                . = ALIGN (0x4)
                0x10000000                _sccmram = .
 *(.ccmram)
 *(.ccmram*)
                0x10000000                . = ALIGN (0x4)
                0x10000000                _eccmram = .
                0x10000000                . = ALIGN (0x4)

.bss            0x20000484      0xbe4
                0x20000484                _sbss = .
                0x20000484                __bss_start__ = _sbss
 *(.bss)
 .bss           0x20000484       0x1c d:/stm/stm32_clion/gcc-arm-none-eabi-10.3-2021.10/bin/../lib/gcc/arm-none-eabi/10.3.1/thumb/v7e-m/nofp/crtbegin.o
 *(.bss*)
 .bss.hspi3     0x200004a0       0x58 CMakeFiles/camera.elf.dir/Core/Src/spi.c.obj
                0x200004a0                hspi3
 .bss.hdma_tim8_ch4_trig_com
                0x200004f8       0x60 CMakeFiles/camera.elf.dir/Core/Src/tim.c.obj
                0x200004f8                hdma_tim8_ch4_trig_com
 .bss.htim8     0x20000558       0x48 CMakeFiles/camera.elf.dir/Core/Src/tim.c.obj
                0x20000558                htim8
 .bss.huart1    0x200005a0       0x48 CMakeFiles/camera.elf.dir/Core/Src/usart.c.obj
                0x200005a0                huart1
 .bss.OV7725_IDCode
                0x200005e8        0x1 CMakeFiles/camera.elf.dir/Core/modules/SEEKFREE_7725.c.obj
                0x200005e8                OV7725_IDCode
 *fill*         0x200005e9        0x3 
 .bss.image_bin
                0x200005ec      0x258 CMakeFiles/camera.elf.dir/Core/modules/SEEKFREE_7725.c.obj
                0x200005ec                image_bin
 .bss.ov7725_finish_flag
                0x20000844        0x1 CMakeFiles/camera.elf.dir/Core/modules/SEEKFREE_7725.c.obj
                0x20000844                ov7725_finish_flag
 *fill*         0x20000845        0x3 
 .bss.LCD       0x20000848       0x10 CMakeFiles/camera.elf.dir/Core/modules/lcd_spi_200.c.obj
                0x20000848                LCD
 .bss.LCD_AsciiFonts
                0x20000858        0x4 CMakeFiles/camera.elf.dir/Core/modules/lcd_spi_200.c.obj
 .bss.LCD_Buff  0x2000085c      0x800 CMakeFiles/camera.elf.dir/Core/modules/lcd_spi_200.c.obj
                0x2000085c                LCD_Buff
 .bss.LCD_CHFonts
                0x2000105c        0x4 CMakeFiles/camera.elf.dir/Core/modules/lcd_spi_200.c.obj
 .bss.uwTick    0x20001060        0x4 CMakeFiles/camera.elf.dir/Drivers/STM32F4xx_HAL_Driver/Src/stm32f4xx_hal.c.obj
                0x20001060                uwTick
 .bss.__lock___atexit_recursive_mutex
                0x20001064        0x1 d:/stm/stm32_clion/gcc-arm-none-eabi-10.3-2021.10/bin/../lib/gcc/arm-none-eabi/10.3.1/../../../../arm-none-eabi/lib/thumb/v7e-m/nofp\libg.a(lib_a-lock.o)
                0x20001064                __lock___atexit_recursive_mutex
 *(COMMON)
                0x20001068                . = ALIGN (0x4)
 *fill*         0x20001065        0x3 
                0x20001068                _ebss = .
                0x20001068                __bss_end__ = _ebss

._user_heap_stack
                0x20001068      0x600
                0x20001068                . = ALIGN (0x8)
                [!provide]                PROVIDE (end = .)
                0x20001068                PROVIDE (_end = .)
                0x20001268                . = (. + _Min_Heap_Size)
 *fill*         0x20001068      0x200 
                0x20001668                . = (. + _Min_Stack_Size)
 *fill*         0x20001268      0x400 
                0x20001668                . = ALIGN (0x8)

/DISCARD/
 libc.a(*)
 libm.a(*)
 libgcc.a(*)

.ARM.attributes
                0x00000000       0x2a
 *(.ARM.attributes)
 .ARM.attributes
                0x00000000       0x1e d:/stm/stm32_clion/gcc-arm-none-eabi-10.3-2021.10/bin/../lib/gcc/arm-none-eabi/10.3.1/thumb/v7e-m/nofp/crti.o
 .ARM.attributes
                0x0000001e       0x2e d:/stm/stm32_clion/gcc-arm-none-eabi-10.3-2021.10/bin/../lib/gcc/arm-none-eabi/10.3.1/thumb/v7e-m/nofp/crtbegin.o
 .ARM.attributes
                0x0000004c       0x2e CMakeFiles/camera.elf.dir/Core/Src/dma.c.obj
 .ARM.attributes
                0x0000007a       0x2e CMakeFiles/camera.elf.dir/Core/Src/gpio.c.obj
 .ARM.attributes
                0x000000a8       0x2e CMakeFiles/camera.elf.dir/Core/Src/main.c.obj
 .ARM.attributes
                0x000000d6       0x2e CMakeFiles/camera.elf.dir/Core/Src/spi.c.obj
 .ARM.attributes
                0x00000104       0x2e CMakeFiles/camera.elf.dir/Core/Src/stm32f4xx_hal_msp.c.obj
 .ARM.attributes
                0x00000132       0x2e CMakeFiles/camera.elf.dir/Core/Src/stm32f4xx_it.c.obj
 .ARM.attributes
                0x00000160       0x2e CMakeFiles/camera.elf.dir/Core/Src/system_stm32f4xx.c.obj
 .ARM.attributes
                0x0000018e       0x2e CMakeFiles/camera.elf.dir/Core/Src/tim.c.obj
 .ARM.attributes
                0x000001bc       0x2e CMakeFiles/camera.elf.dir/Core/Src/usart.c.obj
 .ARM.attributes
                0x000001ea       0x21 CMakeFiles/camera.elf.dir/Core/Startup/startup_stm32f407vetx.s.obj
 .ARM.attributes
                0x0000020b       0x2e CMakeFiles/camera.elf.dir/Core/modules/SEEKFREE_7725.c.obj
 .ARM.attributes
                0x00000239       0x2e CMakeFiles/camera.elf.dir/Core/modules/SEEKFREE_IIC.c.obj
 .ARM.attributes
                0x00000267       0x2e CMakeFiles/camera.elf.dir/Core/modules/lcd_fonts.c.obj
 .ARM.attributes
                0x00000295       0x2e CMakeFiles/camera.elf.dir/Core/modules/lcd_spi_200.c.obj
 .ARM.attributes
                0x000002c3       0x2e CMakeFiles/camera.elf.dir/Drivers/STM32F4xx_HAL_Driver/Src/stm32f4xx_hal.c.obj
 .ARM.attributes
                0x000002f1       0x2e CMakeFiles/camera.elf.dir/Drivers/STM32F4xx_HAL_Driver/Src/stm32f4xx_hal_cortex.c.obj
 .ARM.attributes
                0x0000031f       0x2e CMakeFiles/camera.elf.dir/Drivers/STM32F4xx_HAL_Driver/Src/stm32f4xx_hal_dma.c.obj
 .ARM.attributes
                0x0000034d       0x2e CMakeFiles/camera.elf.dir/Drivers/STM32F4xx_HAL_Driver/Src/stm32f4xx_hal_gpio.c.obj
 .ARM.attributes
                0x0000037b       0x2e CMakeFiles/camera.elf.dir/Drivers/STM32F4xx_HAL_Driver/Src/stm32f4xx_hal_rcc.c.obj
 .ARM.attributes
                0x000003a9       0x2e CMakeFiles/camera.elf.dir/Drivers/STM32F4xx_HAL_Driver/Src/stm32f4xx_hal_spi.c.obj
 .ARM.attributes
                0x000003d7       0x2e CMakeFiles/camera.elf.dir/Drivers/STM32F4xx_HAL_Driver/Src/stm32f4xx_hal_tim.c.obj
 .ARM.attributes
                0x00000405       0x2e CMakeFiles/camera.elf.dir/Drivers/STM32F4xx_HAL_Driver/Src/stm32f4xx_hal_tim_ex.c.obj
 .ARM.attributes
                0x00000433       0x2e CMakeFiles/camera.elf.dir/Drivers/STM32F4xx_HAL_Driver/Src/stm32f4xx_hal_uart.c.obj
 .ARM.attributes
                0x00000461       0x1e d:/stm/stm32_clion/gcc-arm-none-eabi-10.3-2021.10/bin/../lib/gcc/arm-none-eabi/10.3.1/thumb/v7e-m/nofp\libgcc.a(_aeabi_uldivmod.o)
 .ARM.attributes
                0x0000047f       0x2e d:/stm/stm32_clion/gcc-arm-none-eabi-10.3-2021.10/bin/../lib/gcc/arm-none-eabi/10.3.1/thumb/v7e-m/nofp\libgcc.a(_udivmoddi4.o)
 .ARM.attributes
                0x000004ad       0x1e d:/stm/stm32_clion/gcc-arm-none-eabi-10.3-2021.10/bin/../lib/gcc/arm-none-eabi/10.3.1/thumb/v7e-m/nofp\libgcc.a(_dvmd_tls.o)
 .ARM.attributes
                0x000004cb       0x2e d:/stm/stm32_clion/gcc-arm-none-eabi-10.3-2021.10/bin/../lib/gcc/arm-none-eabi/10.3.1/../../../../arm-none-eabi/lib/thumb/v7e-m/nofp\libg.a(lib_a-impure.o)
 .ARM.attributes
                0x000004f9       0x2e d:/stm/stm32_clion/gcc-arm-none-eabi-10.3-2021.10/bin/../lib/gcc/arm-none-eabi/10.3.1/../../../../arm-none-eabi/lib/thumb/v7e-m/nofp\libg.a(lib_a-init.o)
 .ARM.attributes
                0x00000527       0x2e d:/stm/stm32_clion/gcc-arm-none-eabi-10.3-2021.10/bin/../lib/gcc/arm-none-eabi/10.3.1/../../../../arm-none-eabi/lib/thumb/v7e-m/nofp\libg.a(lib_a-memset.o)
 .ARM.attributes
                0x00000555       0x2e d:/stm/stm32_clion/gcc-arm-none-eabi-10.3-2021.10/bin/../lib/gcc/arm-none-eabi/10.3.1/../../../../arm-none-eabi/lib/thumb/v7e-m/nofp\libg.a(lib_a-__call_atexit.o)
 .ARM.attributes
                0x00000583       0x2e d:/stm/stm32_clion/gcc-arm-none-eabi-10.3-2021.10/bin/../lib/gcc/arm-none-eabi/10.3.1/../../../../arm-none-eabi/lib/thumb/v7e-m/nofp\libg.a(lib_a-atexit.o)
 .ARM.attributes
                0x000005b1       0x2e d:/stm/stm32_clion/gcc-arm-none-eabi-10.3-2021.10/bin/../lib/gcc/arm-none-eabi/10.3.1/../../../../arm-none-eabi/lib/thumb/v7e-m/nofp\libg.a(lib_a-fini.o)
 .ARM.attributes
                0x000005df       0x2e d:/stm/stm32_clion/gcc-arm-none-eabi-10.3-2021.10/bin/../lib/gcc/arm-none-eabi/10.3.1/../../../../arm-none-eabi/lib/thumb/v7e-m/nofp\libg.a(lib_a-lock.o)
 .ARM.attributes
                0x0000060d       0x2e d:/stm/stm32_clion/gcc-arm-none-eabi-10.3-2021.10/bin/../lib/gcc/arm-none-eabi/10.3.1/../../../../arm-none-eabi/lib/thumb/v7e-m/nofp\libg.a(lib_a-__atexit.o)
 .ARM.attributes
                0x0000063b       0x1e d:/stm/stm32_clion/gcc-arm-none-eabi-10.3-2021.10/bin/../lib/gcc/arm-none-eabi/10.3.1/thumb/v7e-m/nofp/crtn.o
OUTPUT(camera.elf elf32-littlearm)
LOAD linker stubs
LOAD d:/stm/stm32_clion/gcc-arm-none-eabi-10.3-2021.10/bin/../lib/gcc/arm-none-eabi/10.3.1/../../../../arm-none-eabi/lib/thumb/v7e-m/nofp\libc.a
LOAD d:/stm/stm32_clion/gcc-arm-none-eabi-10.3-2021.10/bin/../lib/gcc/arm-none-eabi/10.3.1/../../../../arm-none-eabi/lib/thumb/v7e-m/nofp\libm.a
LOAD d:/stm/stm32_clion/gcc-arm-none-eabi-10.3-2021.10/bin/../lib/gcc/arm-none-eabi/10.3.1/thumb/v7e-m/nofp\libgcc.a

.debug_info     0x00000000    0x179e4
 .debug_info    0x00000000      0x541 CMakeFiles/camera.elf.dir/Core/Src/dma.c.obj
 .debug_info    0x00000541      0x82f CMakeFiles/camera.elf.dir/Core/Src/gpio.c.obj
 .debug_info    0x00000d70      0xd66 CMakeFiles/camera.elf.dir/Core/Src/main.c.obj
 .debug_info    0x00001ad6      0xa23 CMakeFiles/camera.elf.dir/Core/Src/spi.c.obj
 .debug_info    0x000024f9      0x2a4 CMakeFiles/camera.elf.dir/Core/Src/stm32f4xx_hal_msp.c.obj
 .debug_info    0x0000279d      0x446 CMakeFiles/camera.elf.dir/Core/Src/stm32f4xx_it.c.obj
 .debug_info    0x00002be3      0x37d CMakeFiles/camera.elf.dir/Core/Src/system_stm32f4xx.c.obj
 .debug_info    0x00002f60      0xc51 CMakeFiles/camera.elf.dir/Core/Src/tim.c.obj
 .debug_info    0x00003bb1      0x9ec CMakeFiles/camera.elf.dir/Core/Src/usart.c.obj
 .debug_info    0x0000459d       0x22 CMakeFiles/camera.elf.dir/Core/Startup/startup_stm32f407vetx.s.obj
 .debug_info    0x000045bf     0x1401 CMakeFiles/camera.elf.dir/Core/modules/SEEKFREE_7725.c.obj
 .debug_info    0x000059c0      0x93f CMakeFiles/camera.elf.dir/Core/modules/SEEKFREE_IIC.c.obj
 .debug_info    0x000062ff      0x3af CMakeFiles/camera.elf.dir/Core/modules/lcd_fonts.c.obj
 .debug_info    0x000066ae     0x2275 CMakeFiles/camera.elf.dir/Core/modules/lcd_spi_200.c.obj
 .debug_info    0x00008923      0x9f0 CMakeFiles/camera.elf.dir/Drivers/STM32F4xx_HAL_Driver/Src/stm32f4xx_hal.c.obj
 .debug_info    0x00009313     0x10de CMakeFiles/camera.elf.dir/Drivers/STM32F4xx_HAL_Driver/Src/stm32f4xx_hal_cortex.c.obj
 .debug_info    0x0000a3f1      0xb3f CMakeFiles/camera.elf.dir/Drivers/STM32F4xx_HAL_Driver/Src/stm32f4xx_hal_dma.c.obj
 .debug_info    0x0000af30      0x7b0 CMakeFiles/camera.elf.dir/Drivers/STM32F4xx_HAL_Driver/Src/stm32f4xx_hal_gpio.c.obj
 .debug_info    0x0000b6e0      0xb03 CMakeFiles/camera.elf.dir/Drivers/STM32F4xx_HAL_Driver/Src/stm32f4xx_hal_rcc.c.obj
 .debug_info    0x0000c1e3     0x1da9 CMakeFiles/camera.elf.dir/Drivers/STM32F4xx_HAL_Driver/Src/stm32f4xx_hal_spi.c.obj
 .debug_info    0x0000df8c     0x3dc6 CMakeFiles/camera.elf.dir/Drivers/STM32F4xx_HAL_Driver/Src/stm32f4xx_hal_tim.c.obj
 .debug_info    0x00011d52     0x1b03 CMakeFiles/camera.elf.dir/Drivers/STM32F4xx_HAL_Driver/Src/stm32f4xx_hal_tim_ex.c.obj
 .debug_info    0x00013855     0x418f CMakeFiles/camera.elf.dir/Drivers/STM32F4xx_HAL_Driver/Src/stm32f4xx_hal_uart.c.obj

.debug_abbrev   0x00000000     0x2c46
 .debug_abbrev  0x00000000      0x140 CMakeFiles/camera.elf.dir/Core/Src/dma.c.obj
 .debug_abbrev  0x00000140      0x184 CMakeFiles/camera.elf.dir/Core/Src/gpio.c.obj
 .debug_abbrev  0x000002c4      0x221 CMakeFiles/camera.elf.dir/Core/Src/main.c.obj
 .debug_abbrev  0x000004e5      0x1da CMakeFiles/camera.elf.dir/Core/Src/spi.c.obj
 .debug_abbrev  0x000006bf       0xd1 CMakeFiles/camera.elf.dir/Core/Src/stm32f4xx_hal_msp.c.obj
 .debug_abbrev  0x00000790      0x17e CMakeFiles/camera.elf.dir/Core/Src/stm32f4xx_it.c.obj
 .debug_abbrev  0x0000090e      0x119 CMakeFiles/camera.elf.dir/Core/Src/system_stm32f4xx.c.obj
 .debug_abbrev  0x00000a27      0x1db CMakeFiles/camera.elf.dir/Core/Src/tim.c.obj
 .debug_abbrev  0x00000c02      0x1da CMakeFiles/camera.elf.dir/Core/Src/usart.c.obj
 .debug_abbrev  0x00000ddc       0x12 CMakeFiles/camera.elf.dir/Core/Startup/startup_stm32f407vetx.s.obj
 .debug_abbrev  0x00000dee      0x29d CMakeFiles/camera.elf.dir/Core/modules/SEEKFREE_7725.c.obj
 .debug_abbrev  0x0000108b      0x1de CMakeFiles/camera.elf.dir/Core/modules/SEEKFREE_IIC.c.obj
 .debug_abbrev  0x00001269       0xd9 CMakeFiles/camera.elf.dir/Core/modules/lcd_fonts.c.obj
 .debug_abbrev  0x00001342      0x2a5 CMakeFiles/camera.elf.dir/Core/modules/lcd_spi_200.c.obj
 .debug_abbrev  0x000015e7      0x206 CMakeFiles/camera.elf.dir/Drivers/STM32F4xx_HAL_Driver/Src/stm32f4xx_hal.c.obj
 .debug_abbrev  0x000017ed      0x361 CMakeFiles/camera.elf.dir/Drivers/STM32F4xx_HAL_Driver/Src/stm32f4xx_hal_cortex.c.obj
 .debug_abbrev  0x00001b4e      0x2c2 CMakeFiles/camera.elf.dir/Drivers/STM32F4xx_HAL_Driver/Src/stm32f4xx_hal_dma.c.obj
 .debug_abbrev  0x00001e10      0x1ef CMakeFiles/camera.elf.dir/Drivers/STM32F4xx_HAL_Driver/Src/stm32f4xx_hal_gpio.c.obj
 .debug_abbrev  0x00001fff      0x28a CMakeFiles/camera.elf.dir/Drivers/STM32F4xx_HAL_Driver/Src/stm32f4xx_hal_rcc.c.obj
 .debug_abbrev  0x00002289      0x246 CMakeFiles/camera.elf.dir/Drivers/STM32F4xx_HAL_Driver/Src/stm32f4xx_hal_spi.c.obj
 .debug_abbrev  0x000024cf      0x232 CMakeFiles/camera.elf.dir/Drivers/STM32F4xx_HAL_Driver/Src/stm32f4xx_hal_tim.c.obj
 .debug_abbrev  0x00002701      0x248 CMakeFiles/camera.elf.dir/Drivers/STM32F4xx_HAL_Driver/Src/stm32f4xx_hal_tim_ex.c.obj
 .debug_abbrev  0x00002949      0x2fd CMakeFiles/camera.elf.dir/Drivers/STM32F4xx_HAL_Driver/Src/stm32f4xx_hal_uart.c.obj

.debug_aranges  0x00000000     0x1010
 .debug_aranges
                0x00000000       0x28 CMakeFiles/camera.elf.dir/Core/Src/dma.c.obj
 .debug_aranges
                0x00000028       0x28 CMakeFiles/camera.elf.dir/Core/Src/gpio.c.obj
 .debug_aranges
                0x00000050       0x38 CMakeFiles/camera.elf.dir/Core/Src/main.c.obj
 .debug_aranges
                0x00000088       0x30 CMakeFiles/camera.elf.dir/Core/Src/spi.c.obj
 .debug_aranges
                0x000000b8       0x20 CMakeFiles/camera.elf.dir/Core/Src/stm32f4xx_hal_msp.c.obj
 .debug_aranges
                0x000000d8       0x70 CMakeFiles/camera.elf.dir/Core/Src/stm32f4xx_it.c.obj
 .debug_aranges
                0x00000148       0x28 CMakeFiles/camera.elf.dir/Core/Src/system_stm32f4xx.c.obj
 .debug_aranges
                0x00000170       0x30 CMakeFiles/camera.elf.dir/Core/Src/tim.c.obj
 .debug_aranges
                0x000001a0       0x30 CMakeFiles/camera.elf.dir/Core/Src/usart.c.obj
 .debug_aranges
                0x000001d0       0x28 CMakeFiles/camera.elf.dir/Core/Startup/startup_stm32f407vetx.s.obj
 .debug_aranges
                0x000001f8       0x58 CMakeFiles/camera.elf.dir/Core/modules/SEEKFREE_7725.c.obj
 .debug_aranges
                0x00000250       0x70 CMakeFiles/camera.elf.dir/Core/modules/SEEKFREE_IIC.c.obj
 .debug_aranges
                0x000002c0       0x18 CMakeFiles/camera.elf.dir/Core/modules/lcd_fonts.c.obj
 .debug_aranges
                0x000002d8      0x108 CMakeFiles/camera.elf.dir/Core/modules/lcd_spi_200.c.obj
 .debug_aranges
                0x000003e0       0xf0 CMakeFiles/camera.elf.dir/Drivers/STM32F4xx_HAL_Driver/Src/stm32f4xx_hal.c.obj
 .debug_aranges
                0x000004d0       0xc0 CMakeFiles/camera.elf.dir/Drivers/STM32F4xx_HAL_Driver/Src/stm32f4xx_hal_cortex.c.obj
 .debug_aranges
                0x00000590       0x90 CMakeFiles/camera.elf.dir/Drivers/STM32F4xx_HAL_Driver/Src/stm32f4xx_hal_dma.c.obj
 .debug_aranges
                0x00000620       0x58 CMakeFiles/camera.elf.dir/Drivers/STM32F4xx_HAL_Driver/Src/stm32f4xx_hal_gpio.c.obj
 .debug_aranges
                0x00000678       0x88 CMakeFiles/camera.elf.dir/Drivers/STM32F4xx_HAL_Driver/Src/stm32f4xx_hal_rcc.c.obj
 .debug_aranges
                0x00000700      0x1d0 CMakeFiles/camera.elf.dir/Drivers/STM32F4xx_HAL_Driver/Src/stm32f4xx_hal_spi.c.obj
 .debug_aranges
                0x000008d0      0x3d0 CMakeFiles/camera.elf.dir/Drivers/STM32F4xx_HAL_Driver/Src/stm32f4xx_hal_tim.c.obj
 .debug_aranges
                0x00000ca0      0x168 CMakeFiles/camera.elf.dir/Drivers/STM32F4xx_HAL_Driver/Src/stm32f4xx_hal_tim_ex.c.obj
 .debug_aranges
                0x00000e08      0x208 CMakeFiles/camera.elf.dir/Drivers/STM32F4xx_HAL_Driver/Src/stm32f4xx_hal_uart.c.obj

.debug_ranges   0x00000000      0xf30
 .debug_ranges  0x00000000       0x18 CMakeFiles/camera.elf.dir/Core/Src/dma.c.obj
 .debug_ranges  0x00000018       0x18 CMakeFiles/camera.elf.dir/Core/Src/gpio.c.obj
 .debug_ranges  0x00000030       0x28 CMakeFiles/camera.elf.dir/Core/Src/main.c.obj
 .debug_ranges  0x00000058       0x20 CMakeFiles/camera.elf.dir/Core/Src/spi.c.obj
 .debug_ranges  0x00000078       0x10 CMakeFiles/camera.elf.dir/Core/Src/stm32f4xx_hal_msp.c.obj
 .debug_ranges  0x00000088       0x60 CMakeFiles/camera.elf.dir/Core/Src/stm32f4xx_it.c.obj
 .debug_ranges  0x000000e8       0x18 CMakeFiles/camera.elf.dir/Core/Src/system_stm32f4xx.c.obj
 .debug_ranges  0x00000100       0x20 CMakeFiles/camera.elf.dir/Core/Src/tim.c.obj
 .debug_ranges  0x00000120       0x20 CMakeFiles/camera.elf.dir/Core/Src/usart.c.obj
 .debug_ranges  0x00000140       0x20 CMakeFiles/camera.elf.dir/Core/Startup/startup_stm32f407vetx.s.obj
 .debug_ranges  0x00000160       0x48 CMakeFiles/camera.elf.dir/Core/modules/SEEKFREE_7725.c.obj
 .debug_ranges  0x000001a8       0x60 CMakeFiles/camera.elf.dir/Core/modules/SEEKFREE_IIC.c.obj
 .debug_ranges  0x00000208       0xf8 CMakeFiles/camera.elf.dir/Core/modules/lcd_spi_200.c.obj
 .debug_ranges  0x00000300       0xe0 CMakeFiles/camera.elf.dir/Drivers/STM32F4xx_HAL_Driver/Src/stm32f4xx_hal.c.obj
 .debug_ranges  0x000003e0      0x110 CMakeFiles/camera.elf.dir/Drivers/STM32F4xx_HAL_Driver/Src/stm32f4xx_hal_cortex.c.obj
 .debug_ranges  0x000004f0       0x80 CMakeFiles/camera.elf.dir/Drivers/STM32F4xx_HAL_Driver/Src/stm32f4xx_hal_dma.c.obj
 .debug_ranges  0x00000570       0x48 CMakeFiles/camera.elf.dir/Drivers/STM32F4xx_HAL_Driver/Src/stm32f4xx_hal_gpio.c.obj
 .debug_ranges  0x000005b8       0x90 CMakeFiles/camera.elf.dir/Drivers/STM32F4xx_HAL_Driver/Src/stm32f4xx_hal_rcc.c.obj
 .debug_ranges  0x00000648      0x1c0 CMakeFiles/camera.elf.dir/Drivers/STM32F4xx_HAL_Driver/Src/stm32f4xx_hal_spi.c.obj
 .debug_ranges  0x00000808      0x3c0 CMakeFiles/camera.elf.dir/Drivers/STM32F4xx_HAL_Driver/Src/stm32f4xx_hal_tim.c.obj
 .debug_ranges  0x00000bc8      0x158 CMakeFiles/camera.elf.dir/Drivers/STM32F4xx_HAL_Driver/Src/stm32f4xx_hal_tim_ex.c.obj
 .debug_ranges  0x00000d20      0x210 CMakeFiles/camera.elf.dir/Drivers/STM32F4xx_HAL_Driver/Src/stm32f4xx_hal_uart.c.obj

.debug_line     0x00000000    0x139d9
 .debug_line    0x00000000      0x1ca CMakeFiles/camera.elf.dir/Core/Src/dma.c.obj
 .debug_line    0x000001ca      0x2c3 CMakeFiles/camera.elf.dir/Core/Src/gpio.c.obj
 .debug_line    0x0000048d      0x4c8 CMakeFiles/camera.elf.dir/Core/Src/main.c.obj
 .debug_line    0x00000955      0x31e CMakeFiles/camera.elf.dir/Core/Src/spi.c.obj
 .debug_line    0x00000c73      0x179 CMakeFiles/camera.elf.dir/Core/Src/stm32f4xx_hal_msp.c.obj
 .debug_line    0x00000dec      0x344 CMakeFiles/camera.elf.dir/Core/Src/stm32f4xx_it.c.obj
 .debug_line    0x00001130      0x241 CMakeFiles/camera.elf.dir/Core/Src/system_stm32f4xx.c.obj
 .debug_line    0x00001371      0x3d9 CMakeFiles/camera.elf.dir/Core/Src/tim.c.obj
 .debug_line    0x0000174a      0x303 CMakeFiles/camera.elf.dir/Core/Src/usart.c.obj
 .debug_line    0x00001a4d       0x95 CMakeFiles/camera.elf.dir/Core/Startup/startup_stm32f407vetx.s.obj
 .debug_line    0x00001ae2      0x46c CMakeFiles/camera.elf.dir/Core/modules/SEEKFREE_7725.c.obj
 .debug_line    0x00001f4e      0x48d CMakeFiles/camera.elf.dir/Core/modules/SEEKFREE_IIC.c.obj
 .debug_line    0x000023db      0x115 CMakeFiles/camera.elf.dir/Core/modules/lcd_fonts.c.obj
 .debug_line    0x000024f0     0x14ec CMakeFiles/camera.elf.dir/Core/modules/lcd_spi_200.c.obj
 .debug_line    0x000039dc      0x5a3 CMakeFiles/camera.elf.dir/Drivers/STM32F4xx_HAL_Driver/Src/stm32f4xx_hal.c.obj
 .debug_line    0x00003f7f      0x7ea CMakeFiles/camera.elf.dir/Drivers/STM32F4xx_HAL_Driver/Src/stm32f4xx_hal_cortex.c.obj
 .debug_line    0x00004769      0xe53 CMakeFiles/camera.elf.dir/Drivers/STM32F4xx_HAL_Driver/Src/stm32f4xx_hal_dma.c.obj
 .debug_line    0x000055bc      0x70f CMakeFiles/camera.elf.dir/Drivers/STM32F4xx_HAL_Driver/Src/stm32f4xx_hal_gpio.c.obj
 .debug_line    0x00005ccb      0xb76 CMakeFiles/camera.elf.dir/Drivers/STM32F4xx_HAL_Driver/Src/stm32f4xx_hal_rcc.c.obj
 .debug_line    0x00006841     0x26ba CMakeFiles/camera.elf.dir/Drivers/STM32F4xx_HAL_Driver/Src/stm32f4xx_hal_spi.c.obj
 .debug_line    0x00008efb     0x4b07 CMakeFiles/camera.elf.dir/Drivers/STM32F4xx_HAL_Driver/Src/stm32f4xx_hal_tim.c.obj
 .debug_line    0x0000da02     0x1cde CMakeFiles/camera.elf.dir/Drivers/STM32F4xx_HAL_Driver/Src/stm32f4xx_hal_tim_ex.c.obj
 .debug_line    0x0000f6e0     0x42f9 CMakeFiles/camera.elf.dir/Drivers/STM32F4xx_HAL_Driver/Src/stm32f4xx_hal_uart.c.obj

.debug_str      0x00000000     0x4b33
 .debug_str     0x00000000      0x79b CMakeFiles/camera.elf.dir/Core/Src/dma.c.obj
                                0x7dd (size before relaxing)
 .debug_str     0x0000079b       0xeb CMakeFiles/camera.elf.dir/Core/Src/gpio.c.obj
                                0x89d (size before relaxing)
 .debug_str     0x00000886      0x69a CMakeFiles/camera.elf.dir/Core/Src/main.c.obj
                                0x9f5 (size before relaxing)
 .debug_str     0x00000f20      0x1de CMakeFiles/camera.elf.dir/Core/Src/spi.c.obj
                                0x801 (size before relaxing)
 .debug_str     0x000010fe       0x39 CMakeFiles/camera.elf.dir/Core/Src/stm32f4xx_hal_msp.c.obj
                                0x2c7 (size before relaxing)
 .debug_str     0x00001137      0x130 CMakeFiles/camera.elf.dir/Core/Src/stm32f4xx_it.c.obj
                                0x51b (size before relaxing)
 .debug_str     0x00001267       0x94 CMakeFiles/camera.elf.dir/Core/Src/system_stm32f4xx.c.obj
                                0x32d (size before relaxing)
 .debug_str     0x000012fb      0x416 CMakeFiles/camera.elf.dir/Core/Src/tim.c.obj
                                0xa36 (size before relaxing)
 .debug_str     0x00001711       0x5e CMakeFiles/camera.elf.dir/Core/Src/usart.c.obj
                                0x830 (size before relaxing)
 .debug_str     0x0000176f       0x43 CMakeFiles/camera.elf.dir/Core/Startup/startup_stm32f407vetx.s.obj
                                 0x65 (size before relaxing)
 .debug_str     0x000017b2      0x233 CMakeFiles/camera.elf.dir/Core/modules/SEEKFREE_7725.c.obj
                                0xba2 (size before relaxing)
 .debug_str     0x000019e5       0xf7 CMakeFiles/camera.elf.dir/Core/modules/SEEKFREE_IIC.c.obj
                                0x33a (size before relaxing)
 .debug_str     0x00001adc      0x128 CMakeFiles/camera.elf.dir/Core/modules/lcd_fonts.c.obj
                                0x2f5 (size before relaxing)
 .debug_str     0x00001c04      0x398 CMakeFiles/camera.elf.dir/Core/modules/lcd_spi_200.c.obj
                                0xaf2 (size before relaxing)
 .debug_str     0x00001f9c      0x35a CMakeFiles/camera.elf.dir/Drivers/STM32F4xx_HAL_Driver/Src/stm32f4xx_hal.c.obj
                                0xb66 (size before relaxing)
 .debug_str     0x000022f6      0x4e0 CMakeFiles/camera.elf.dir/Drivers/STM32F4xx_HAL_Driver/Src/stm32f4xx_hal_cortex.c.obj
                                0xc81 (size before relaxing)
 .debug_str     0x000027d6      0x1ef CMakeFiles/camera.elf.dir/Drivers/STM32F4xx_HAL_Driver/Src/stm32f4xx_hal_dma.c.obj
                                0x782 (size before relaxing)
 .debug_str     0x000029c5       0xe9 CMakeFiles/camera.elf.dir/Drivers/STM32F4xx_HAL_Driver/Src/stm32f4xx_hal_gpio.c.obj
                                0x4ec (size before relaxing)
 .debug_str     0x00002aae      0x1b1 CMakeFiles/camera.elf.dir/Drivers/STM32F4xx_HAL_Driver/Src/stm32f4xx_hal_rcc.c.obj
                                0x712 (size before relaxing)
 .debug_str     0x00002c5f      0x53a CMakeFiles/camera.elf.dir/Drivers/STM32F4xx_HAL_Driver/Src/stm32f4xx_hal_spi.c.obj
                                0xc00 (size before relaxing)
 .debug_str     0x00003199      0xe53 CMakeFiles/camera.elf.dir/Drivers/STM32F4xx_HAL_Driver/Src/stm32f4xx_hal_tim.c.obj
                               0x16d5 (size before relaxing)
 .debug_str     0x00003fec      0x531 CMakeFiles/camera.elf.dir/Drivers/STM32F4xx_HAL_Driver/Src/stm32f4xx_hal_tim_ex.c.obj
                                0xec6 (size before relaxing)
 .debug_str     0x0000451d      0x616 CMakeFiles/camera.elf.dir/Drivers/STM32F4xx_HAL_Driver/Src/stm32f4xx_hal_uart.c.obj
                                0xda7 (size before relaxing)

.comment        0x00000000       0x49
 .comment       0x00000000       0x49 CMakeFiles/camera.elf.dir/Core/Src/dma.c.obj
                                 0x4a (size before relaxing)
 .comment       0x00000049       0x4a CMakeFiles/camera.elf.dir/Core/Src/gpio.c.obj
 .comment       0x00000049       0x4a CMakeFiles/camera.elf.dir/Core/Src/main.c.obj
 .comment       0x00000049       0x4a CMakeFiles/camera.elf.dir/Core/Src/spi.c.obj
 .comment       0x00000049       0x4a CMakeFiles/camera.elf.dir/Core/Src/stm32f4xx_hal_msp.c.obj
 .comment       0x00000049       0x4a CMakeFiles/camera.elf.dir/Core/Src/stm32f4xx_it.c.obj
 .comment       0x00000049       0x4a CMakeFiles/camera.elf.dir/Core/Src/system_stm32f4xx.c.obj
 .comment       0x00000049       0x4a CMakeFiles/camera.elf.dir/Core/Src/tim.c.obj
 .comment       0x00000049       0x4a CMakeFiles/camera.elf.dir/Core/Src/usart.c.obj
 .comment       0x00000049       0x4a CMakeFiles/camera.elf.dir/Core/modules/SEEKFREE_7725.c.obj
 .comment       0x00000049       0x4a CMakeFiles/camera.elf.dir/Core/modules/SEEKFREE_IIC.c.obj
 .comment       0x00000049       0x4a CMakeFiles/camera.elf.dir/Core/modules/lcd_fonts.c.obj
 .comment       0x00000049       0x4a CMakeFiles/camera.elf.dir/Core/modules/lcd_spi_200.c.obj
 .comment       0x00000049       0x4a CMakeFiles/camera.elf.dir/Drivers/STM32F4xx_HAL_Driver/Src/stm32f4xx_hal.c.obj
 .comment       0x00000049       0x4a CMakeFiles/camera.elf.dir/Drivers/STM32F4xx_HAL_Driver/Src/stm32f4xx_hal_cortex.c.obj
 .comment       0x00000049       0x4a CMakeFiles/camera.elf.dir/Drivers/STM32F4xx_HAL_Driver/Src/stm32f4xx_hal_dma.c.obj
 .comment       0x00000049       0x4a CMakeFiles/camera.elf.dir/Drivers/STM32F4xx_HAL_Driver/Src/stm32f4xx_hal_gpio.c.obj
 .comment       0x00000049       0x4a CMakeFiles/camera.elf.dir/Drivers/STM32F4xx_HAL_Driver/Src/stm32f4xx_hal_rcc.c.obj
 .comment       0x00000049       0x4a CMakeFiles/camera.elf.dir/Drivers/STM32F4xx_HAL_Driver/Src/stm32f4xx_hal_spi.c.obj
 .comment       0x00000049       0x4a CMakeFiles/camera.elf.dir/Drivers/STM32F4xx_HAL_Driver/Src/stm32f4xx_hal_tim.c.obj
 .comment       0x00000049       0x4a CMakeFiles/camera.elf.dir/Drivers/STM32F4xx_HAL_Driver/Src/stm32f4xx_hal_tim_ex.c.obj
 .comment       0x00000049       0x4a CMakeFiles/camera.elf.dir/Drivers/STM32F4xx_HAL_Driver/Src/stm32f4xx_hal_uart.c.obj

.debug_frame    0x00000000     0x2ce8
 .debug_frame   0x00000000       0x44 CMakeFiles/camera.elf.dir/Core/Src/dma.c.obj
 .debug_frame   0x00000044       0x50 CMakeFiles/camera.elf.dir/Core/Src/gpio.c.obj
 .debug_frame   0x00000094       0x70 CMakeFiles/camera.elf.dir/Core/Src/main.c.obj
 .debug_frame   0x00000104       0x60 CMakeFiles/camera.elf.dir/Core/Src/spi.c.obj
 .debug_frame   0x00000164       0x28 CMakeFiles/camera.elf.dir/Core/Src/stm32f4xx_hal_msp.c.obj
 .debug_frame   0x0000018c       0xd8 CMakeFiles/camera.elf.dir/Core/Src/stm32f4xx_it.c.obj
 .debug_frame   0x00000264       0x30 CMakeFiles/camera.elf.dir/Core/Src/system_stm32f4xx.c.obj
 .debug_frame   0x00000294       0x6c CMakeFiles/camera.elf.dir/Core/Src/tim.c.obj
 .debug_frame   0x00000300       0x60 CMakeFiles/camera.elf.dir/Core/Src/usart.c.obj
 .debug_frame   0x00000360       0xc4 CMakeFiles/camera.elf.dir/Core/modules/SEEKFREE_7725.c.obj
 .debug_frame   0x00000424      0x124 CMakeFiles/camera.elf.dir/Core/modules/SEEKFREE_IIC.c.obj
 .debug_frame   0x00000548      0x364 CMakeFiles/camera.elf.dir/Core/modules/lcd_spi_200.c.obj
 .debug_frame   0x000008ac      0x1ec CMakeFiles/camera.elf.dir/Drivers/STM32F4xx_HAL_Driver/Src/stm32f4xx_hal.c.obj
 .debug_frame   0x00000a98      0x178 CMakeFiles/camera.elf.dir/Drivers/STM32F4xx_HAL_Driver/Src/stm32f4xx_hal_cortex.c.obj
 .debug_frame   0x00000c10      0x188 CMakeFiles/camera.elf.dir/Drivers/STM32F4xx_HAL_Driver/Src/stm32f4xx_hal_dma.c.obj
 .debug_frame   0x00000d98       0xd8 CMakeFiles/camera.elf.dir/Drivers/STM32F4xx_HAL_Driver/Src/stm32f4xx_hal_gpio.c.obj
 .debug_frame   0x00000e70      0x16c CMakeFiles/camera.elf.dir/Drivers/STM32F4xx_HAL_Driver/Src/stm32f4xx_hal_rcc.c.obj
 .debug_frame   0x00000fdc      0x5c8 CMakeFiles/camera.elf.dir/Drivers/STM32F4xx_HAL_Driver/Src/stm32f4xx_hal_spi.c.obj
 .debug_frame   0x000015a4      0xb08 CMakeFiles/camera.elf.dir/Drivers/STM32F4xx_HAL_Driver/Src/stm32f4xx_hal_tim.c.obj
 .debug_frame   0x000020ac      0x40c CMakeFiles/camera.elf.dir/Drivers/STM32F4xx_HAL_Driver/Src/stm32f4xx_hal_tim_ex.c.obj
 .debug_frame   0x000024b8      0x5e4 CMakeFiles/camera.elf.dir/Drivers/STM32F4xx_HAL_Driver/Src/stm32f4xx_hal_uart.c.obj
 .debug_frame   0x00002a9c       0x2c d:/stm/stm32_clion/gcc-arm-none-eabi-10.3-2021.10/bin/../lib/gcc/arm-none-eabi/10.3.1/thumb/v7e-m/nofp\libgcc.a(_aeabi_uldivmod.o)
 .debug_frame   0x00002ac8       0x34 d:/stm/stm32_clion/gcc-arm-none-eabi-10.3-2021.10/bin/../lib/gcc/arm-none-eabi/10.3.1/thumb/v7e-m/nofp\libgcc.a(_udivmoddi4.o)
 .debug_frame   0x00002afc       0x2c d:/stm/stm32_clion/gcc-arm-none-eabi-10.3-2021.10/bin/../lib/gcc/arm-none-eabi/10.3.1/../../../../arm-none-eabi/lib/thumb/v7e-m/nofp\libg.a(lib_a-init.o)
 .debug_frame   0x00002b28       0x2c d:/stm/stm32_clion/gcc-arm-none-eabi-10.3-2021.10/bin/../lib/gcc/arm-none-eabi/10.3.1/../../../../arm-none-eabi/lib/thumb/v7e-m/nofp\libg.a(lib_a-memset.o)
 .debug_frame   0x00002b54       0x5c d:/stm/stm32_clion/gcc-arm-none-eabi-10.3-2021.10/bin/../lib/gcc/arm-none-eabi/10.3.1/../../../../arm-none-eabi/lib/thumb/v7e-m/nofp\libg.a(lib_a-__call_atexit.o)
 .debug_frame   0x00002bb0       0x20 d:/stm/stm32_clion/gcc-arm-none-eabi-10.3-2021.10/bin/../lib/gcc/arm-none-eabi/10.3.1/../../../../arm-none-eabi/lib/thumb/v7e-m/nofp\libg.a(lib_a-atexit.o)
 .debug_frame   0x00002bd0       0x34 d:/stm/stm32_clion/gcc-arm-none-eabi-10.3-2021.10/bin/../lib/gcc/arm-none-eabi/10.3.1/../../../../arm-none-eabi/lib/thumb/v7e-m/nofp\libg.a(lib_a-fini.o)
 .debug_frame   0x00002c04       0xb0 d:/stm/stm32_clion/gcc-arm-none-eabi-10.3-2021.10/bin/../lib/gcc/arm-none-eabi/10.3.1/../../../../arm-none-eabi/lib/thumb/v7e-m/nofp\libg.a(lib_a-lock.o)
 .debug_frame   0x00002cb4       0x34 d:/stm/stm32_clion/gcc-arm-none-eabi-10.3-2021.10/bin/../lib/gcc/arm-none-eabi/10.3.1/../../../../arm-none-eabi/lib/thumb/v7e-m/nofp\libg.a(lib_a-__atexit.o)

.debug_loc      0x00000000    0x11105
 .debug_loc     0x00000000       0x30 CMakeFiles/camera.elf.dir/Core/Src/main.c.obj
 .debug_loc     0x00000030       0x84 CMakeFiles/camera.elf.dir/Core/Src/spi.c.obj
 .debug_loc     0x000000b4      0x158 CMakeFiles/camera.elf.dir/Core/Src/system_stm32f4xx.c.obj
 .debug_loc     0x0000020c       0x71 CMakeFiles/camera.elf.dir/Core/Src/tim.c.obj
 .debug_loc     0x0000027d       0x84 CMakeFiles/camera.elf.dir/Core/Src/usart.c.obj
 .debug_loc     0x00000301      0x1d4 CMakeFiles/camera.elf.dir/Core/modules/SEEKFREE_7725.c.obj
 .debug_loc     0x000004d5      0x32b CMakeFiles/camera.elf.dir/Core/modules/SEEKFREE_IIC.c.obj
 .debug_loc     0x00000800     0x19de CMakeFiles/camera.elf.dir/Core/modules/lcd_spi_200.c.obj
 .debug_loc     0x000021de      0x141 CMakeFiles/camera.elf.dir/Drivers/STM32F4xx_HAL_Driver/Src/stm32f4xx_hal.c.obj
 .debug_loc     0x0000231f      0x744 CMakeFiles/camera.elf.dir/Drivers/STM32F4xx_HAL_Driver/Src/stm32f4xx_hal_cortex.c.obj
 .debug_loc     0x00002a63      0xbf9 CMakeFiles/camera.elf.dir/Drivers/STM32F4xx_HAL_Driver/Src/stm32f4xx_hal_dma.c.obj
 .debug_loc     0x0000365c      0x520 CMakeFiles/camera.elf.dir/Drivers/STM32F4xx_HAL_Driver/Src/stm32f4xx_hal_gpio.c.obj
 .debug_loc     0x00003b7c      0x58c CMakeFiles/camera.elf.dir/Drivers/STM32F4xx_HAL_Driver/Src/stm32f4xx_hal_rcc.c.obj
 .debug_loc     0x00004108     0x1bbe CMakeFiles/camera.elf.dir/Drivers/STM32F4xx_HAL_Driver/Src/stm32f4xx_hal_spi.c.obj
 .debug_loc     0x00005cc6     0x50ad CMakeFiles/camera.elf.dir/Drivers/STM32F4xx_HAL_Driver/Src/stm32f4xx_hal_tim.c.obj
 .debug_loc     0x0000ad73     0x1cca CMakeFiles/camera.elf.dir/Drivers/STM32F4xx_HAL_Driver/Src/stm32f4xx_hal_tim_ex.c.obj
 .debug_loc     0x0000ca3d     0x46c8 CMakeFiles/camera.elf.dir/Drivers/STM32F4xx_HAL_Driver/Src/stm32f4xx_hal_uart.c.obj
